Archive member included to satisfy reference by file (symbol)

/home/josef/Downloads/gcc-arm-none-eabi-10.3-2021.10-x86_64-linux/gcc-arm-none-eabi-10.3-2021.10/arm-none-eabi/lib/thumb/v7-m/nofp/libc.a(lib_a-atof.o)
                              build_soccer_game/WString.o (atof)
/home/josef/Downloads/gcc-arm-none-eabi-10.3-2021.10-x86_64-linux/gcc-arm-none-eabi-10.3-2021.10/arm-none-eabi/lib/thumb/v7-m/nofp/libc.a(lib_a-atol.o)
                              build_soccer_game/WString.o (atol)
/home/josef/Downloads/gcc-arm-none-eabi-10.3-2021.10-x86_64-linux/gcc-arm-none-eabi-10.3-2021.10/arm-none-eabi/lib/thumb/v7-m/nofp/libc.a(lib_a-isspace.o)
                              build_soccer_game/WString.o (isspace)
/home/josef/Downloads/gcc-arm-none-eabi-10.3-2021.10-x86_64-linux/gcc-arm-none-eabi-10.3-2021.10/arm-none-eabi/lib/thumb/v7-m/nofp/libc.a(lib_a-malloc.o)
                              build_soccer_game/message.o (malloc)
/home/josef/Downloads/gcc-arm-none-eabi-10.3-2021.10-x86_64-linux/gcc-arm-none-eabi-10.3-2021.10/arm-none-eabi/lib/thumb/v7-m/nofp/libc.a(lib_a-mallocr.o)
                              /home/josef/Downloads/gcc-arm-none-eabi-10.3-2021.10-x86_64-linux/gcc-arm-none-eabi-10.3-2021.10/arm-none-eabi/lib/thumb/v7-m/nofp/libc.a(lib_a-malloc.o) (_malloc_r)
/home/josef/Downloads/gcc-arm-none-eabi-10.3-2021.10-x86_64-linux/gcc-arm-none-eabi-10.3-2021.10/arm-none-eabi/lib/thumb/v7-m/nofp/libc.a(lib_a-memcmp.o)
                              build_soccer_game/mbmfuncfiles.o (memcmp)
/home/josef/Downloads/gcc-arm-none-eabi-10.3-2021.10-x86_64-linux/gcc-arm-none-eabi-10.3-2021.10/arm-none-eabi/lib/thumb/v7-m/nofp/libc.a(lib_a-memcpy.o)
                              build_soccer_game/message.o (memcpy)
/home/josef/Downloads/gcc-arm-none-eabi-10.3-2021.10-x86_64-linux/gcc-arm-none-eabi-10.3-2021.10/arm-none-eabi/lib/thumb/v7-m/nofp/libc.a(lib_a-memmove.o)
                              build_soccer_game/WString.o (memmove)
/home/josef/Downloads/gcc-arm-none-eabi-10.3-2021.10-x86_64-linux/gcc-arm-none-eabi-10.3-2021.10/arm-none-eabi/lib/thumb/v7-m/nofp/libc.a(lib_a-memset.o)
                              build_soccer_game/task.o (memset)
/home/josef/Downloads/gcc-arm-none-eabi-10.3-2021.10-x86_64-linux/gcc-arm-none-eabi-10.3-2021.10/arm-none-eabi/lib/thumb/v7-m/nofp/libc.a(lib_a-mlock.o)
                              /home/josef/Downloads/gcc-arm-none-eabi-10.3-2021.10-x86_64-linux/gcc-arm-none-eabi-10.3-2021.10/arm-none-eabi/lib/thumb/v7-m/nofp/libc.a(lib_a-mallocr.o) (__malloc_lock)
/home/josef/Downloads/gcc-arm-none-eabi-10.3-2021.10-x86_64-linux/gcc-arm-none-eabi-10.3-2021.10/arm-none-eabi/lib/thumb/v7-m/nofp/libc.a(lib_a-rand.o)
                              build_soccer_game/WMath.o (srand)
/home/josef/Downloads/gcc-arm-none-eabi-10.3-2021.10-x86_64-linux/gcc-arm-none-eabi-10.3-2021.10/arm-none-eabi/lib/thumb/v7-m/nofp/libc.a(lib_a-realloc.o)
                              build_soccer_game/WString.o (realloc)
/home/josef/Downloads/gcc-arm-none-eabi-10.3-2021.10-x86_64-linux/gcc-arm-none-eabi-10.3-2021.10/arm-none-eabi/lib/thumb/v7-m/nofp/libc.a(lib_a-reallocr.o)
                              /home/josef/Downloads/gcc-arm-none-eabi-10.3-2021.10-x86_64-linux/gcc-arm-none-eabi-10.3-2021.10/arm-none-eabi/lib/thumb/v7-m/nofp/libc.a(lib_a-realloc.o) (_realloc_r)
/home/josef/Downloads/gcc-arm-none-eabi-10.3-2021.10-x86_64-linux/gcc-arm-none-eabi-10.3-2021.10/arm-none-eabi/lib/thumb/v7-m/nofp/libc.a(lib_a-sbrkr.o)
                              /home/josef/Downloads/gcc-arm-none-eabi-10.3-2021.10-x86_64-linux/gcc-arm-none-eabi-10.3-2021.10/arm-none-eabi/lib/thumb/v7-m/nofp/libc.a(lib_a-mallocr.o) (_sbrk_r)
/home/josef/Downloads/gcc-arm-none-eabi-10.3-2021.10-x86_64-linux/gcc-arm-none-eabi-10.3-2021.10/arm-none-eabi/lib/thumb/v7-m/nofp/libc.a(lib_a-strcat.o)
                              build_soccer_game/dtostrf.o (strcat)
/home/josef/Downloads/gcc-arm-none-eabi-10.3-2021.10-x86_64-linux/gcc-arm-none-eabi-10.3-2021.10/arm-none-eabi/lib/thumb/v7-m/nofp/libc.a(lib_a-strchr.o)
                              build_soccer_game/WString.o (strchr)
/home/josef/Downloads/gcc-arm-none-eabi-10.3-2021.10-x86_64-linux/gcc-arm-none-eabi-10.3-2021.10/arm-none-eabi/lib/thumb/v7-m/nofp/libc.a(lib_a-strcmp.o)
                              build_soccer_game/cmd_line.o (strcmp)
/home/josef/Downloads/gcc-arm-none-eabi-10.3-2021.10-x86_64-linux/gcc-arm-none-eabi-10.3-2021.10/arm-none-eabi/lib/thumb/v7-m/nofp/libc.a(lib_a-strcpy.o)
                              build_soccer_game/sys_dbg.o (strcpy)
/home/josef/Downloads/gcc-arm-none-eabi-10.3-2021.10-x86_64-linux/gcc-arm-none-eabi-10.3-2021.10/arm-none-eabi/lib/thumb/v7-m/nofp/libc.a(lib_a-strlen-stub.o)
                              build_soccer_game/xprintf.o (strlen)
/home/josef/Downloads/gcc-arm-none-eabi-10.3-2021.10-x86_64-linux/gcc-arm-none-eabi-10.3-2021.10/arm-none-eabi/lib/thumb/v7-m/nofp/libc.a(lib_a-strncmp.o)
[...]
Memory Configuration

Name             Origin             Length             Attributes
BSF              0x0000000008002000 0x0000000000001000 xr
FLASH            0x0000000008003000 0x000000000001d000 xr
SRAM             0x0000000020000000 0x0000000000004000 xrw
*default*        0x0000000000000000 0xffffffffffffffff

Linker script and memory map

                0x0000000000000800                HEAP_SIZE = 0x800

.start_boot_share_data_flash
                0x0000000008002000        0x0
                0x0000000008002000                _start_boot_share_data_flash = .

.start_flash    0x0000000008003000        0x0
                0x0000000008003000                _start_flash = .

.isr_vector     0x0000000008003000       0xf4
                0x0000000008003000                _isr_vector = .
 *(.isr_vector)
 .isr_vector    0x0000000008003000       0xf4 build_soccer_game/system.o
                0x0000000008003000                isr_vector
                0x00000000080030f4                . = ALIGN (0x4)

.text           0x00000000080030f8     0xf638
                0x00000000080030f8                . = ALIGN (0x4)
 *(.text)
 .text          0x00000000080030f8       0xec /home/josef/Downloads/gcc-arm-none-eabi-10.3-2021.10-x86_64-linux/gcc-arm-none-eabi-10.3-2021.10/arm-none-eabi/lib/thumb/v7-m/nofp/libc.a(lib_a-memcpy.o)
                0x00000000080030f8                memcpy
 .text          0x00000000080031e4      0x1bc /home/josef/Downloads/gcc-arm-none-eabi-10.3-2021.10-x86_64-linux/gcc-arm-none-eabi-10.3-2021.10/arm-none-eabi/lib/thumb/v7-m/nofp/libc.a(lib_a-strcmp.o)
                0x00000000080031e4                strcmp
 .text          0x00000000080033a0      0x378 /home/josef/Downloads/gcc-arm-none-eabi-10.3-2021.10-x86_64-linux/gcc-arm-none-eabi-10.3-2021.10/lib/gcc/arm-none-eabi/10.3.1/thumb/v7-m/nofp/libgcc.a(_arm_addsubdf3.o)
                0x00000000080033a0                __aeabi_drsub
                0x00000000080033a8                __aeabi_dsub
                0x00000000080033a8                __subdf3
                0x00000000080033ac                __adddf3
                0x00000000080033ac                __aeabi_dadd
                0x0000000008003624                __aeabi_ui2d
                0x0000000008003624                __floatunsidf
                0x0000000008003644                __floatsidf
                0x0000000008003644                __aeabi_i2d
                0x0000000008003668                __extendsfdf2
                0x0000000008003668                __aeabi_f2d
                0x00000000080036ac                __aeabi_ul2d
                0x00000000080036ac                __floatundidf
                0x00000000080036bc                __floatdidf
                0x00000000080036bc                __aeabi_l2d
 .text          0x0000000008003718      0x424 /home/josef/Downloads/gcc-arm-none-eabi-10.3-2021.10-x86_64-linux/gcc-arm-none-eabi-10.3-2021.10/lib/gcc/arm-none-eabi/10.3.1/thumb/v7-m/nofp/libgcc.a(_arm_muldivdf3.o)
                0x0000000008003718                __aeabi_dmul
                0x0000000008003718                __muldf3
                0x000000000800396c                __aeabi_ddiv
                0x000000000800396c                __divdf3
 .text          0x0000000008003b3c      0x110 /home/josef/Downloads/gcc-arm-none-eabi-10.3-2021.10-x86_64-linux/gcc-arm-none-eabi-10.3-2021.10/lib/gcc/arm-none-eabi/10.3.1/thumb/v7-m/nofp/libgcc.a(_arm_cmpdf2.o)
                0x0000000008003b3c                __gtdf2
                0x0000000008003b3c                __gedf2
                0x0000000008003b44                __ltdf2
                0x0000000008003b44                __ledf2
                0x0000000008003b4c                __cmpdf2
                0x0000000008003b4c                __eqdf2
                0x0000000008003b4c                __nedf2
                0x0000000008003bc8                __aeabi_cdrcmple
                0x0000000008003bd8                __aeabi_cdcmple
                0x0000000008003bd8                __aeabi_cdcmpeq
                0x0000000008003be8                __aeabi_dcmpeq
                0x0000000008003bfc                __aeabi_dcmplt
                0x0000000008003c10                __aeabi_dcmple
                0x0000000008003c24                __aeabi_dcmpge
                0x0000000008003c38                __aeabi_dcmpgt
 .text          0x0000000008003c4c       0x2c /home/josef/Downloads/gcc-arm-none-eabi-10.3-2021.10-x86_64-linux/gcc-arm-none-eabi-10.3-2021.10/lib/gcc/arm-none-eabi/10.3.1/thumb/v7-m/nofp/libgcc.a(_arm_unorddf2.o)
                0x0000000008003c4c                __aeabi_dcmpun
                0x0000000008003c4c                __unorddf2
 .text          0x0000000008003c78       0x50 /home/josef/Downloads/gcc-arm-none-eabi-10.3-2021.10-x86_64-linux/gcc-arm-none-eabi-10.3-2021.10/lib/gcc/arm-none-eabi/10.3.1/thumb/v7-m/nofp/libgcc.a(_arm_fixdfsi.o)
                0x0000000008003c78                __fixdfsi
                0x0000000008003c78                __aeabi_d2iz
 .text          0x0000000008003cc8       0x40 /home/josef/Downloads/gcc-arm-none-eabi-10.3-2021.10-x86_64-linux/gcc-arm-none-eabi-10.3-2021.10/lib/gcc/arm-none-eabi/10.3.1/thumb/v7-m/nofp/libgcc.a(_arm_fixunsdfsi.o)
                0x0000000008003cc8                __fixunsdfsi
                0x0000000008003cc8                __aeabi_d2uiz
 .text          0x0000000008003d08      0x21c /home/josef/Downloads/gcc-arm-none-eabi-10.3-2021.10-x86_64-linux/gcc-arm-none-eabi-10.3-2021.10/lib/gcc/arm-none-eabi/10.3.1/thumb/v7-m/nofp/libgcc.a(_arm_addsubsf3.o)
                0x0000000008003d08                __aeabi_frsub
                0x0000000008003d10                __subsf3
                0x0000000008003d10                __aeabi_fsub
                0x0000000008003d14                __aeabi_fadd
                0x0000000008003d14                __addsf3
                0x0000000008003e74                __aeabi_ui2f
                0x0000000008003e74                __floatunsisf
                0x0000000008003e7c                __aeabi_i2f
                0x0000000008003e7c                __floatsisf
                0x0000000008003e98                __floatundisf
                0x0000000008003e98                __aeabi_ul2f
                0x0000000008003ea8                __floatdisf
                0x0000000008003ea8                __aeabi_l2f
 .text          0x0000000008003f24       0x30 /home/josef/Downloads/gcc-arm-none-eabi-10.3-2021.10-x86_64-linux/gcc-arm-none-eabi-10.3-2021.10/lib/gcc/arm-none-eabi/10.3.1/thumb/v7-m/nofp/libgcc.a(_aeabi_uldivmod.o)
                0x0000000008003f24                __aeabi_uldivmod
 .text          0x0000000008003f54      0x2d4 /home/josef/Downloads/gcc-arm-none-eabi-10.3-2021.10-x86_64-linux/gcc-arm-none-eabi-10.3-2021.10/lib/gcc/arm-none-eabi/10.3.1/thumb/v7-m/nofp/libgcc.a(_udivmoddi4.o)
                0x0000000008003f54                __udivmoddi4
 .text          0x0000000008004228        0x4 /home/josef/Downloads/gcc-arm-none-eabi-10.3-2021.10-x86_64-linux/gcc-arm-none-eabi-10.3-2021.10/lib/gcc/arm-none-eabi/10.3.1/thumb/v7-m/nofp/libgcc.a(_dvmd_tls.o)
                0x0000000008004228                __aeabi_ldiv0
                0x0000000008004228                __aeabi_idiv0
 *(.text*)
 .text.fsm_dispatch
                0x000000000800422c        0x6 build_soccer_game/fsm.o
                0x000000000800422c                fsm_dispatch
 *fill*         0x0000000008004232        0x2 
 .text.task_create
                0x0000000008004234       0x3c build_soccer_game/task.o
                0x0000000008004234                task_create
 .text.task_polling_create
                0x0000000008004270       0x34 build_soccer_game/task.o
                0x0000000008004270                task_polling_create
 .text.task_post
                0x00000000080042a4       0x84 build_soccer_game/task.o
                0x00000000080042a4                task_post
 .text.task_remove_msg
                0x0000000008004328       0xb4 build_soccer_game/task.o
                0x0000000008004328                task_remove_msg
 .text.task_post_pure_msg
                0x00000000080043dc       0x18 build_soccer_game/task.o
                0x00000000080043dc                task_post_pure_msg
 .text.task_post_common_msg
                0x00000000080043f4       0x2a build_soccer_game/task.o
                0x00000000080043f4                task_post_common_msg
 *fill*         0x000000000800441e        0x2 
 .text.task_entry_interrupt
                0x0000000008004420       0x1c build_soccer_game/task.o
                0x0000000008004420                task_entry_interrupt
 .text.task_exit_interrupt
                0x000000000800443c       0x24 build_soccer_game/task.o
                0x000000000800443c                task_exit_interrupt
 .text.task_init
                0x0000000008004460       0x40 build_soccer_game/task.o
                0x0000000008004460                task_init
 .text.task_polling_run
                0x00000000080044a0       0x34 build_soccer_game/task.o
                0x00000000080044a0                task_polling_run
 .text.task_run
                0x00000000080044d4      0x174 build_soccer_game/task.o
                0x00000000080044d4                task_run
 .text.get_current_task_id
                0x0000000008004648        0xc build_soccer_game/task.o
                0x0000000008004648                get_current_task_id
 .text.get_current_task_info
                0x0000000008004654        0x8 build_soccer_game/task.o
                0x0000000008004654                get_current_task_info
 .text.get_current_active_object
                0x000000000800465c        0x8 build_soccer_game/task.o
                0x000000000800465c                get_current_active_object
 .text.timer_remove_msg
                0x0000000008004664       0x64 build_soccer_game/timer.o
 .text.task_timer_tick
                0x00000000080046c8       0x7c build_soccer_game/timer.o
                0x00000000080046c8                task_timer_tick
 .text.timer_init
                0x0000000008004744       0x6c build_soccer_game/timer.o
                0x0000000008004744                timer_init
 .text.timer_tick
                0x00000000080047b0       0x38 build_soccer_game/timer.o
                0x00000000080047b0                timer_tick
 .text.timer_set
                0x00000000080047e8       0x98 build_soccer_game/timer.o
                0x00000000080047e8                timer_set
 .text.timer_remove_attr
                0x0000000008004880       0x18 build_soccer_game/timer.o
                0x0000000008004880                timer_remove_attr
 .text.free_common_msg
                0x0000000008004898       0x28 build_soccer_game/message.o
 .text.free_pure_msg
                0x00000000080048c0       0x28 build_soccer_game/message.o
 .text.free_dynamic_msg
                0x00000000080048e8       0x30 build_soccer_game/message.o
 .text.msg_init
                0x0000000008004918      0x100 build_soccer_game/message.o
                0x0000000008004918                msg_init
 .text.msg_force_free
                0x0000000008004a18       0x44 build_soccer_game/message.o
                0x0000000008004a18                msg_force_free
 .text.msg_inc_ref_count
                0x0000000008004a5c       0x2c build_soccer_game/message.o
                0x0000000008004a5c                msg_inc_ref_count
 .text.msg_dec_ref_count
                0x0000000008004a88       0x28 build_soccer_game/message.o
                0x0000000008004a88                msg_dec_ref_count
 .text.msg_free
                0x0000000008004ab0       0x58 build_soccer_game/message.o
                0x0000000008004ab0                msg_free
 .text.ak_malloc
                0x0000000008004b08       0x50 build_soccer_game/message.o
                0x0000000008004b08                ak_malloc
 .text.get_pure_msg
                0x0000000008004b58       0x5c build_soccer_game/message.o
                0x0000000008004b58                get_pure_msg
 .text.get_common_msg
                0x0000000008004bb4       0x60 build_soccer_game/message.o
                0x0000000008004bb4                get_common_msg
 .text.set_data_common_msg
                0x0000000008004c14       0x4c build_soccer_game/message.o
                0x0000000008004c14                set_data_common_msg
 .text.get_data_common_msg
                0x0000000008004c60       0x28 build_soccer_game/message.o
                0x0000000008004c60                get_data_common_msg
 .text.get_data_len_common_msg
                0x0000000008004c88       0x28 build_soccer_game/message.o
                0x0000000008004c88                get_data_len_common_msg
 .text.get_dynamic_msg
                0x0000000008004cb0       0x64 build_soccer_game/message.o
                0x0000000008004cb0                get_dynamic_msg
 .text.set_data_dynamic_msg
                0x0000000008004d14       0x3c build_soccer_game/message.o
                0x0000000008004d14                set_data_dynamic_msg
 .text.get_data_dynamic_msg
                0x0000000008004d50       0x28 build_soccer_game/message.o
                0x0000000008004d50                get_data_dynamic_msg
 .text.get_data_len_dynamic_msg
                0x0000000008004d78        0x4 build_soccer_game/message.o
                0x0000000008004d78                get_data_len_dynamic_msg
 .text.log_queue_init
                0x0000000008004d7c       0x2e build_soccer_game/log_queue.o
                0x0000000008004d7c                log_queue_init
 .text.log_queue_len
                0x0000000008004daa        0x4 build_soccer_game/log_queue.o
                0x0000000008004daa                log_queue_len
 .text.log_queue_put
                0x0000000008004dae       0x5c build_soccer_game/log_queue.o
                0x0000000008004dae                log_queue_put
 .text.log_queue_get
                0x0000000008004e0a       0x30 build_soccer_game/log_queue.o
                0x0000000008004e0a                log_queue_get
 .text.fifo_init
                0x0000000008004e3a       0x12 build_soccer_game/fifo.o
                0x0000000008004e3a                fifo_init
 .text.fifo_availble
                0x0000000008004e4c        0x4 build_soccer_game/fifo.o
                0x0000000008004e4c                fifo_availble
 .text.fifo_is_full
                0x0000000008004e50        0xc build_soccer_game/fifo.o
                0x0000000008004e50                fifo_is_full
 .text.fifo_put
                0x0000000008004e5c       0x54 build_soccer_game/fifo.o
                0x0000000008004e5c                fifo_put
 .text.fifo_get
                0x0000000008004eb0       0x50 build_soccer_game/fifo.o
                0x0000000008004eb0                fifo_get
 .text.ring_buffer_char_init
                0x0000000008004f00        0xc build_soccer_game/ring_buffer.o
                0x0000000008004f00                ring_buffer_char_init
 .text.ring_buffer_char_is_empty
                0x0000000008004f0c        0xa build_soccer_game/ring_buffer.o
                0x0000000008004f0c                ring_buffer_char_is_empty
 .text.ring_buffer_char_put
                0x0000000008004f16       0x36 build_soccer_game/ring_buffer.o
                0x0000000008004f16                ring_buffer_char_put
 .text.ring_buffer_char_get
                0x0000000008004f4c       0x26 build_soccer_game/ring_buffer.o
                0x0000000008004f4c                ring_buffer_char_get
 .text.mem_read
                0x0000000008004f72       0x18 build_soccer_game/utils.o
                0x0000000008004f72                mem_read
 .text.mem_write
                0x0000000008004f8a       0x1a build_soccer_game/utils.o
                0x0000000008004f8a                mem_write
 *fill*         0x0000000008004fa4        0x4 
 .text.ilog10   0x0000000008004fa8       0xd8 build_soccer_game/xprintf.o
 .text.i10x     0x0000000008005080       0x78 build_soccer_game/xprintf.o
 .text.xfputc   0x00000000080050f8       0x30 build_soccer_game/xprintf.o
                0x00000000080050f8                xfputc
 .text.xputc    0x0000000008005128       0x10 build_soccer_game/xprintf.o
                0x0000000008005128                xputc
 .text.xvfprintf
                0x0000000008005138      0x580 build_soccer_game/xprintf.o
 .text.xprintf  0x00000000080056b8       0x24 build_soccer_game/xprintf.o
                0x00000000080056b8                xprintf
 .text.cmd_line_parser
                0x00000000080056dc       0x7c build_soccer_game/cmd_line.o
                0x00000000080056dc                cmd_line_parser
 .text.button_init
                0x0000000008005758       0x36 build_soccer_game/button.o
                0x0000000008005758                button_init
 .text.button_enable
                0x000000000800578e        0x6 build_soccer_game/button.o
                0x000000000800578e                button_enable
 .text.button_timer_polling
                0x0000000008005794       0x76 build_soccer_game/button.o
                0x0000000008005794                button_timer_polling
 .text.flash_wait_to_idle
                0x000000000800580a       0x32 build_soccer_game/flash.o
 .text.flash_set_write_enable.constprop.0
                0x000000000800583c       0x14 build_soccer_game/flash.o
 .text.flash_is_connected
                0x0000000008005850       0x22 build_soccer_game/flash.o
                0x0000000008005850                flash_is_connected
 .text.flash_read
                0x0000000008005872       0x5e build_soccer_game/flash.o
                0x0000000008005872                flash_read
 .text.flash_write
                0x00000000080058d0       0x6c build_soccer_game/flash.o
                0x00000000080058d0                flash_write
 .text.flash_erase_sector
                0x000000000800593c       0x48 build_soccer_game/flash.o
                0x000000000800593c                flash_erase_sector
 .text.flash_erase_block_64k
                0x0000000008005984       0x46 build_soccer_game/flash.o
                0x0000000008005984                flash_erase_block_64k
 .text.led_init
                0x00000000080059ca       0x20 build_soccer_game/led.o
                0x00000000080059ca                led_init
 .text.led_on   0x00000000080059ea        0xc build_soccer_game/led.o
                0x00000000080059ea                led_on
 .text.led_off  0x00000000080059f6        0xc build_soccer_game/led.o
                0x00000000080059f6                led_off
 .text.led_toggle
                0x0000000008005a02       0x12 build_soccer_game/led.o
                0x0000000008005a02                led_toggle
 .text.BUZZER_Init
                0x0000000008005a14       0xe0 build_soccer_game/buzzer.o
                0x0000000008005a14                BUZZER_Init
 .text.BUZZER_Disable
                0x0000000008005af4       0x38 build_soccer_game/buzzer.o
                0x0000000008005af4                BUZZER_Disable
 .text.BUZZER_Enable
                0x0000000008005b2c       0x84 build_soccer_game/buzzer.o
                0x0000000008005b2c                BUZZER_Enable
 .text.buzzer_irq
                0x0000000008005bb0       0x98 build_soccer_game/buzzer.o
                0x0000000008005bb0                buzzer_irq
 .text.BUZZER_PlaySound
                0x0000000008005c48       0x44 build_soccer_game/buzzer.o
                0x0000000008005c48                BUZZER_PlaySound
 .text.BUZZER_Sleep
                0x0000000008005c8c       0x14 build_soccer_game/buzzer.o
                0x0000000008005c8c                BUZZER_Sleep
 .text.sys_dbg_cpu_dump
                0x0000000008005ca0       0x4c build_soccer_game/sys_dbg.o
                0x0000000008005ca0                sys_dbg_cpu_dump
 .text.sys_dbg_stack_space_dump
                0x0000000008005cec       0x30 build_soccer_game/sys_dbg.o
                0x0000000008005cec                sys_dbg_stack_space_dump
 .text.sys_dbg_fatal
                0x0000000008005d1c      0x3cc build_soccer_game/sys_dbg.o
                0x0000000008005d1c                sys_dbg_fatal
 .text.sys_boot_init
                0x00000000080060e8       0x14 build_soccer_game/sys_boot.o
                0x00000000080060e8                sys_boot_init
 .text.sys_boot_get
                0x00000000080060fc        0xc build_soccer_game/sys_boot.o
                0x00000000080060fc                sys_boot_get
 .text.sys_boot_set
                0x0000000008006108       0x34 build_soccer_game/sys_boot.o
                0x0000000008006108                sys_boot_set
 .text.eMBExceptionToErrorcode
                0x000000000800613c       0x14 build_soccer_game/mbutils.o
                0x000000000800613c                eMBExceptionToErrorcode
 .text.eMBMReleaseHdl
                0x0000000008006150       0x58 build_soccer_game/mbm.o
 .text.bMBMResponseTimeoutCB
                0x00000000080061a8       0x18 build_soccer_game/mbm.o
 .text.bMBMIsHdlValid
                0x00000000080061c0       0x18 build_soccer_game/mbm.o
                0x00000000080061c0                bMBMIsHdlValid
 .text.vMBMMasterTransactionPolled
                0x00000000080061d8       0xae build_soccer_game/mbm.o
                0x00000000080061d8                vMBMMasterTransactionPolled
 *fill*         0x0000000008006286        0x2 
 .text.eMBMSerialInitExt
                0x0000000008006288       0xcc build_soccer_game/mbm.o
                0x0000000008006288                eMBMSerialInitExt
 .text.usMBMCRC16
                0x0000000008006354       0x2c build_soccer_game/mbmcrc.o
                0x0000000008006354                usMBMCRC16
 .text.bMBMSerialWaitCB
                0x0000000008006380       0x3c build_soccer_game/mbmrtu.o
 .text.bMBMSerialRTUT35CB
                0x00000000080063bc       0x58 build_soccer_game/mbmrtu.o
 .text.bMBMSerialRTUTransmitterEmptyAPIV1CB
                0x0000000008006414       0xb2 build_soccer_game/mbmrtu.o
 .text.bMBMSerialRTUReceiverAPIV1CB
                0x00000000080064c6       0xa0 build_soccer_game/mbmrtu.o
 *fill*         0x0000000008006566        0x2 
 .text.eMBMSerialRTUFrameCloseInternal
                0x0000000008006568       0x90 build_soccer_game/mbmrtu.o
 .text.eMBMSerialRTUFrameReceive
                0x00000000080065f8       0xc4 build_soccer_game/mbmrtu.o
 .text.eMBMSerialRTUFrameSend
                0x00000000080066bc       0xd0 build_soccer_game/mbmrtu.o
 .text.eMBMSerialRTUFrameClose
                0x000000000800678c       0x18 build_soccer_game/mbmrtu.o
 .text.eMBMSerialRTUInit
                0x00000000080067a4      0x118 build_soccer_game/mbmrtu.o
                0x00000000080067a4                eMBMSerialRTUInit
 .text.vMBMReadHoldingRegistersPolled
                0x00000000080068bc      0x136 build_soccer_game/mbmfuncholding.o
                0x00000000080068bc                vMBMReadHoldingRegistersPolled
 .text.eMBMReadHoldingRegisters
                0x00000000080069f2       0x42 build_soccer_game/mbmfuncholding.o
                0x00000000080069f2                eMBMReadHoldingRegisters
 .text.vMBMReadCoilsPolled
                0x0000000008006a34      0x114 build_soccer_game/mbmfunccoils.o
                0x0000000008006a34                vMBMReadCoilsPolled
 .text.eMBMReadCoils
                0x0000000008006b48       0x42 build_soccer_game/mbmfunccoils.o
                0x0000000008006b48                eMBMReadCoils
 .text.vMBMReadDiscreteInputsPolled
                0x0000000008006b8a      0x114 build_soccer_game/mbmfuncdisc.o
                0x0000000008006b8a                vMBMReadDiscreteInputsPolled
 .text.eMBMReadDiscreteInputs
                0x0000000008006c9e       0x42 build_soccer_game/mbmfuncdisc.o
                0x0000000008006c9e                eMBMReadDiscreteInputs
 .text.vMBMReadInputRegistersPolled
                0x0000000008006ce0      0x120 build_soccer_game/mbmfuncinput.o
                0x0000000008006ce0                vMBMReadInputRegistersPolled
 .text.eMBMReadInputRegisters
                0x0000000008006e00       0x42 build_soccer_game/mbmfuncinput.o
                0x0000000008006e00                eMBMReadInputRegisters
 *fill*         0x0000000008006e42        0x2 
 .text.eMBPEventCreate
                0x0000000008006e44       0x5c build_soccer_game/mbportevent.o
                0x0000000008006e44                eMBPEventCreate
 .text.eMBPEventPost
                0x0000000008006ea0       0x2c build_soccer_game/mbportevent.o
                0x0000000008006ea0                eMBPEventPost
 .text.bMBPEventGet
                0x0000000008006ecc       0x34 build_soccer_game/mbportevent.o
                0x0000000008006ecc                bMBPEventGet
 .text.vMBPEventDelete
                0x0000000008006f00       0x2c build_soccer_game/mbportevent.o
                0x0000000008006f00                vMBPEventDelete
 .text.vMBPAssert
                0x0000000008006f2c       0x1c build_soccer_game/mbportother.o
                0x0000000008006f2c                vMBPAssert
 .text.vMBPEnterCritical
                0x0000000008006f48        0x4 build_soccer_game/mbportother.o
                0x0000000008006f48                vMBPEnterCritical
 .text.vMBPExitCritical
                0x0000000008006f4c        0x4 build_soccer_game/mbportother.o
                0x0000000008006f4c                vMBPExitCritical
 .text.eMBPSerialInit
                0x0000000008006f50      0x144 build_soccer_game/mbportserial.o
                0x0000000008006f50                eMBPSerialInit
 .text.eMBPSerialClose
                0x0000000008007094       0x58 build_soccer_game/mbportserial.o
                0x0000000008007094                eMBPSerialClose
 .text.eMBPSerialTxEnable
                0x00000000080070ec       0x70 build_soccer_game/mbportserial.o
                0x00000000080070ec                eMBPSerialTxEnable
 .text.eMBPSerialRxEnable
                0x000000000800715c       0x5c build_soccer_game/mbportserial.o
                0x000000000800715c                eMBPSerialRxEnable
 .text.vMBPUSART2ISR
                0x00000000080071b8       0xec build_soccer_game/mbportserial.o
                0x00000000080071b8                vMBPUSART2ISR
 .text.eMBPTimerInit
                0x00000000080072a4       0xec build_soccer_game/mbporttimer.o
                0x00000000080072a4                eMBPTimerInit
 .text.vMBPTimerClose
                0x0000000008007390       0x28 build_soccer_game/mbporttimer.o
                0x0000000008007390                vMBPTimerClose
 .text.eMBPTimerStart
                0x00000000080073b8       0x2c build_soccer_game/mbporttimer.o
                0x00000000080073b8                eMBPTimerStart
 .text.eMBPTimerStop
                0x00000000080073e4       0x30 build_soccer_game/mbporttimer.o
                0x00000000080073e4                eMBPTimerStop
 .text.vMBPTimerISR
                0x0000000008007414       0x58 build_soccer_game/mbporttimer.o
                0x0000000008007414                vMBPTimerISR
 .text.GPIO_Init
                0x000000000800746c       0x78 build_soccer_game/stm32l1xx_gpio.o
                0x000000000800746c                GPIO_Init
 .text.GPIO_ReadInputDataBit
                0x00000000080074e4        0xc build_soccer_game/stm32l1xx_gpio.o
                0x00000000080074e4                GPIO_ReadInputDataBit
 .text.GPIO_SetBits
                0x00000000080074f0        0x4 build_soccer_game/stm32l1xx_gpio.o
                0x00000000080074f0                GPIO_SetBits
 .text.GPIO_ResetBits
                0x00000000080074f4        0x4 build_soccer_game/stm32l1xx_gpio.o
                0x00000000080074f4                GPIO_ResetBits
 .text.GPIO_PinAFConfig
                0x00000000080074f8       0x24 build_soccer_game/stm32l1xx_gpio.o
                0x00000000080074f8                GPIO_PinAFConfig
 .text.RCC_HSICmd
                0x000000000800751c        0xc build_soccer_game/stm32l1xx_rcc.o
                0x000000000800751c                RCC_HSICmd
 .text.RCC_GetClocksFreq
                0x0000000008007528       0x9c build_soccer_game/stm32l1xx_rcc.o
                0x0000000008007528                RCC_GetClocksFreq
 .text.RCC_AHBPeriphClockCmd
                0x00000000080075c4       0x18 build_soccer_game/stm32l1xx_rcc.o
                0x00000000080075c4                RCC_AHBPeriphClockCmd
 .text.RCC_APB2PeriphClockCmd
                0x00000000080075dc       0x18 build_soccer_game/stm32l1xx_rcc.o
                0x00000000080075dc                RCC_APB2PeriphClockCmd
 .text.RCC_APB1PeriphClockCmd
                0x00000000080075f4       0x18 build_soccer_game/stm32l1xx_rcc.o
                0x00000000080075f4                RCC_APB1PeriphClockCmd
 .text.RCC_APB2PeriphResetCmd
                0x000000000800760c       0x18 build_soccer_game/stm32l1xx_rcc.o
                0x000000000800760c                RCC_APB2PeriphResetCmd
 .text.RCC_APB1PeriphResetCmd
                0x0000000008007624       0x18 build_soccer_game/stm32l1xx_rcc.o
                0x0000000008007624                RCC_APB1PeriphResetCmd
 .text.RCC_GetFlagStatus
                0x000000000800763c       0x20 build_soccer_game/stm32l1xx_rcc.o
                0x000000000800763c                RCC_GetFlagStatus
 .text.USART_DeInit
                0x000000000800765c       0x9c build_soccer_game/stm32l1xx_usart.o
                0x000000000800765c                USART_DeInit
 .text.USART_Init
                0x00000000080076f8       0xa4 build_soccer_game/stm32l1xx_usart.o
                0x00000000080076f8                USART_Init
 .text.USART_ClockInit
                0x000000000800779c       0x20 build_soccer_game/stm32l1xx_usart.o
                0x000000000800779c                USART_ClockInit
 .text.USART_Cmd
                0x00000000080077bc       0x18 build_soccer_game/stm32l1xx_usart.o
                0x00000000080077bc                USART_Cmd
 .text.USART_SendData
                0x00000000080077d4        0x8 build_soccer_game/stm32l1xx_usart.o
                0x00000000080077d4                USART_SendData
 .text.USART_ReceiveData
                0x00000000080077dc        0x8 build_soccer_game/stm32l1xx_usart.o
                0x00000000080077dc                USART_ReceiveData
 .text.USART_ITConfig
                0x00000000080077e4       0x30 build_soccer_game/stm32l1xx_usart.o
                0x00000000080077e4                USART_ITConfig
 .text.USART_GetFlagStatus
                0x0000000008007814        0xc build_soccer_game/stm32l1xx_usart.o
                0x0000000008007814                USART_GetFlagStatus
 .text.USART_GetITStatus
                0x0000000008007820       0x3e build_soccer_game/stm32l1xx_usart.o
                0x0000000008007820                USART_GetITStatus
 .text.USART_ClearITPendingBit
                0x000000000800785e        0xe build_soccer_game/stm32l1xx_usart.o
                0x000000000800785e                USART_ClearITPendingBit
 .text.SPI_I2S_DeInit
                0x000000000800786c       0x64 build_soccer_game/stm32l1xx_spi.o
                0x000000000800786c                SPI_I2S_DeInit
 .text.SPI_Init
                0x00000000080078d0       0x3e build_soccer_game/stm32l1xx_spi.o
                0x00000000080078d0                SPI_Init
 .text.SPI_Cmd  0x000000000800790e       0x18 build_soccer_game/stm32l1xx_spi.o
                0x000000000800790e                SPI_Cmd
 .text.SPI_I2S_ReceiveData
                0x0000000008007926        0x6 build_soccer_game/stm32l1xx_spi.o
                0x0000000008007926                SPI_I2S_ReceiveData
 .text.SPI_I2S_SendData
                0x000000000800792c        0x4 build_soccer_game/stm32l1xx_spi.o
                0x000000000800792c                SPI_I2S_SendData
 .text.SPI_I2S_GetFlagStatus
                0x0000000008007930        0xc build_soccer_game/stm32l1xx_spi.o
                0x0000000008007930                SPI_I2S_GetFlagStatus
 .text.NVIC_PriorityGroupConfig
                0x000000000800793c       0x14 build_soccer_game/misc.o
                0x000000000800793c                NVIC_PriorityGroupConfig
 .text.NVIC_Init
                0x0000000008007950       0x58 build_soccer_game/misc.o
                0x0000000008007950                NVIC_Init
 .text.EXTI_GetFlagStatus
                0x00000000080079a8       0x14 build_soccer_game/stm32l1xx_exti.o
                0x00000000080079a8                EXTI_GetFlagStatus
 .text.EXTI_GetITStatus
                0x00000000080079bc        0x4 build_soccer_game/stm32l1xx_exti.o
                0x00000000080079bc                EXTI_GetITStatus
 .text.EXTI_ClearITPendingBit
                0x00000000080079c0        0xc build_soccer_game/stm32l1xx_exti.o
                0x00000000080079c0                EXTI_ClearITPendingBit
 .text.TIM_DeInit
                0x00000000080079cc       0xe4 build_soccer_game/stm32l1xx_tim.o
                0x00000000080079cc                TIM_DeInit
 .text.TIM_TimeBaseInit
                0x0000000008007ab0       0x58 build_soccer_game/stm32l1xx_tim.o
                0x0000000008007ab0                TIM_TimeBaseInit
 .text.TIM_ARRPreloadConfig
                0x0000000008007b08       0x18 build_soccer_game/stm32l1xx_tim.o
                0x0000000008007b08                TIM_ARRPreloadConfig
 .text.TIM_Cmd  0x0000000008007b20       0x18 build_soccer_game/stm32l1xx_tim.o
                0x0000000008007b20                TIM_Cmd
 .text.TIM_OC3Init
                0x0000000008007b38       0x3c build_soccer_game/stm32l1xx_tim.o
                0x0000000008007b38                TIM_OC3Init
 .text.TIM_OC3PreloadConfig
                0x0000000008007b74       0x10 build_soccer_game/stm32l1xx_tim.o
                0x0000000008007b74                TIM_OC3PreloadConfig
 .text.TIM_ITConfig
                0x0000000008007b84       0x12 build_soccer_game/stm32l1xx_tim.o
                0x0000000008007b84                TIM_ITConfig
 .text.TIM_GetITStatus
                0x0000000008007b96       0x16 build_soccer_game/stm32l1xx_tim.o
                0x0000000008007b96                TIM_GetITStatus
 .text.TIM_ClearITPendingBit
                0x0000000008007bac        0x8 build_soccer_game/stm32l1xx_tim.o
                0x0000000008007bac                TIM_ClearITPendingBit
 .text.ADC_Init
                0x0000000008007bb4       0x4c build_soccer_game/stm32l1xx_adc.o
                0x0000000008007bb4                ADC_Init
 .text.ADC_Cmd  0x0000000008007c00       0x12 build_soccer_game/stm32l1xx_adc.o
                0x0000000008007c00                ADC_Cmd
 *fill*         0x0000000008007c12        0x2 
 .text.ADC_TempSensorVrefintCmd
                0x0000000008007c14       0x18 build_soccer_game/stm32l1xx_adc.o
                0x0000000008007c14                ADC_TempSensorVrefintCmd
 .text.ADC_RegularChannelConfig
                0x0000000008007c2c      0x104 build_soccer_game/stm32l1xx_adc.o
                0x0000000008007c2c                ADC_RegularChannelConfig
 .text.ADC_SoftwareStartConv
                0x0000000008007d30        0xa build_soccer_game/stm32l1xx_adc.o
                0x0000000008007d30                ADC_SoftwareStartConv
 .text.ADC_GetConversionValue
                0x0000000008007d3a        0x6 build_soccer_game/stm32l1xx_adc.o
                0x0000000008007d3a                ADC_GetConversionValue
 .text.ADC_GetFlagStatus
                0x0000000008007d40        0xc build_soccer_game/stm32l1xx_adc.o
                0x0000000008007d40                ADC_GetFlagStatus
 .text.PWR_UltraLowPowerCmd
                0x0000000008007d4c        0xc build_soccer_game/stm32l1xx_pwr.o
                0x0000000008007d4c                PWR_UltraLowPowerCmd
 .text.PWR_EnterSTOPMode
                0x0000000008007d58       0x34 build_soccer_game/stm32l1xx_pwr.o
                0x0000000008007d58                PWR_EnterSTOPMode
 .text.FLASH_Lock
                0x0000000008007d8c       0x10 build_soccer_game/stm32l1xx_flash.o
                0x0000000008007d8c                FLASH_Lock
 .text.DATA_EEPROM_Unlock
                0x0000000008007d9c       0x20 build_soccer_game/stm32l1xx_flash.o
                0x0000000008007d9c                DATA_EEPROM_Unlock
 .text.FLASH_Unlock
                0x0000000008007dbc       0x2c build_soccer_game/stm32l1xx_flash.o
                0x0000000008007dbc                FLASH_Unlock
 .text.DATA_EEPROM_Lock
                0x0000000008007de8       0x10 build_soccer_game/stm32l1xx_flash.o
                0x0000000008007de8                DATA_EEPROM_Lock
 .text.FLASH_OB_Unlock
                0x0000000008007df8       0x2c build_soccer_game/stm32l1xx_flash.o
                0x0000000008007df8                FLASH_OB_Unlock
 .text.FLASH_OB_Launch
                0x0000000008007e24       0x10 build_soccer_game/stm32l1xx_flash.o
                0x0000000008007e24                FLASH_OB_Launch
 .text.FLASH_OB_GetBOR
                0x0000000008007e34       0x10 build_soccer_game/stm32l1xx_flash.o
                0x0000000008007e34                FLASH_OB_GetBOR
 .text.FLASH_ClearFlag
                0x0000000008007e44        0xc build_soccer_game/stm32l1xx_flash.o
                0x0000000008007e44                FLASH_ClearFlag
 .text.FLASH_GetStatus
                0x0000000008007e50       0x28 build_soccer_game/stm32l1xx_flash.o
                0x0000000008007e50                FLASH_GetStatus
 .text.FLASH_WaitForLastOperation
                0x0000000008007e78       0x3c build_soccer_game/stm32l1xx_flash.o
                0x0000000008007e78                FLASH_WaitForLastOperation
 .text.FLASH_ErasePage
                0x0000000008007eb4       0x44 build_soccer_game/stm32l1xx_flash.o
                0x0000000008007eb4                FLASH_ErasePage
 .text.FLASH_FastProgramWord
                0x0000000008007ef8       0x22 build_soccer_game/stm32l1xx_flash.o
                0x0000000008007ef8                FLASH_FastProgramWord
 .text.DATA_EEPROM_EraseWord
                0x0000000008007f1a       0x16 build_soccer_game/stm32l1xx_flash.o
                0x0000000008007f1a                DATA_EEPROM_EraseWord
 .text.DATA_EEPROM_FastProgramWord
                0x0000000008007f30       0x30 build_soccer_game/stm32l1xx_flash.o
                0x0000000008007f30                DATA_EEPROM_FastProgramWord
 .text.DATA_EEPROM_ProgramByte
                0x0000000008007f60       0x4c build_soccer_game/stm32l1xx_flash.o
                0x0000000008007f60                DATA_EEPROM_ProgramByte
 .text.FLASH_OB_BORConfig
                0x0000000008007fac       0x3c build_soccer_game/stm32l1xx_flash.o
                0x0000000008007fac                FLASH_OB_BORConfig
 .text.IWDG_WriteAccessCmd
                0x0000000008007fe8        0xc build_soccer_game/stm32l1xx_iwdg.o
                0x0000000008007fe8                IWDG_WriteAccessCmd
 .text.IWDG_SetPrescaler
                0x0000000008007ff4        0xc build_soccer_game/stm32l1xx_iwdg.o
                0x0000000008007ff4                IWDG_SetPrescaler
 .text.IWDG_SetReload
                0x0000000008008000        0xc build_soccer_game/stm32l1xx_iwdg.o
                0x0000000008008000                IWDG_SetReload
 .text.IWDG_ReloadCounter
                0x000000000800800c       0x10 build_soccer_game/stm32l1xx_iwdg.o
                0x000000000800800c                IWDG_ReloadCounter
 .text.IWDG_Enable
                0x000000000800801c       0x10 build_soccer_game/stm32l1xx_iwdg.o
                0x000000000800801c                IWDG_Enable
 .text.I2C_SendData
                0x000000000800802c        0x4 build_soccer_game/stm32l1xx_i2c.o
                0x000000000800802c                I2C_SendData
 .text.I2C_CheckEvent
                0x0000000008008030       0x18 build_soccer_game/stm32l1xx_i2c.o
                0x0000000008008030                I2C_CheckEvent
 .text.disable_interrupts
                0x0000000008008048       0x10 build_soccer_game/platform.o
                0x0000000008008048                disable_interrupts
 .text.entry_critical
                0x0000000008008058       0x14 build_soccer_game/platform.o
                0x0000000008008058                entry_critical
 .text.exit_critical
                0x000000000800806c       0x30 build_soccer_game/platform.o
                0x000000000800806c                exit_critical
 .text.default_handler
                0x000000000800809c       0x1c build_soccer_game/system.o
                0x000000000800809c                svc_handler
                0x000000000800809c                default_handler
                0x000000000800809c                dg_monitor_handler
                0x000000000800809c                pendsv_handler
 .text.nmi_handler
                0x00000000080080b8       0x1c build_soccer_game/system.o
                0x00000000080080b8                nmi_handler
 .text.hard_fault_handler
                0x00000000080080d4       0x1c build_soccer_game/system.o
                0x00000000080080d4                hard_fault_handler
 .text.mem_manage_handler
                0x00000000080080f0       0x1c build_soccer_game/system.o
                0x00000000080080f0                mem_manage_handler
 .text.bus_fault_handler
                0x000000000800810c       0x1c build_soccer_game/system.o
                0x000000000800810c                bus_fault_handler
 .text.usage_fault_handler
                0x0000000008008128       0x1c build_soccer_game/system.o
                0x0000000008008128                usage_fault_handler
 .text.systick_handler
                0x0000000008008144       0x40 build_soccer_game/system.o
                0x0000000008008144                systick_handler
 .text.uart1_irq
                0x0000000008008184       0x64 build_soccer_game/system.o
                0x0000000008008184                uart1_irq
 .text.exti_line1_irq
                0x00000000080081e8       0x1c build_soccer_game/system.o
                0x00000000080081e8                exti_line1_irq
 .text.timer7_irq
                0x0000000008008204       0x24 build_soccer_game/system.o
                0x0000000008008204                timer7_irq
 .text.sys_ctrl_delay
                0x0000000008008228        0xc build_soccer_game/system.o
                0x0000000008008228                sys_ctrl_delay
 .text.sys_ctrl_millis
                0x0000000008008234       0x1c build_soccer_game/system.o
                0x0000000008008234                sys_ctrl_millis
 .text._init    0x0000000008008250        0x2 build_soccer_game/system.o
                0x0000000008008250                _init
 .text._fini    0x0000000008008252        0x2 build_soccer_game/system.o
                0x0000000008008252                _fini
 .text.sys_stack_count_init
                0x0000000008008254       0x3c build_soccer_game/system.o
                0x0000000008008254                sys_stack_count_init
 .text.reset_handler
                0x0000000008008290       0xc8 build_soccer_game/system.o
                0x0000000008008290                reset_handler
 .text.sys_stack_usage
                0x0000000008008358       0x20 build_soccer_game/system.o
                0x0000000008008358                sys_stack_usage
 .text.sys_stack_get_size
                0x0000000008008378        0xc build_soccer_game/system.o
                0x0000000008008378                sys_stack_get_size
 .text.sys_ctrl_shell_put_char_block
                0x0000000008008384       0x2c build_soccer_game/sys_cfg.o
                0x0000000008008384                sys_ctrl_shell_put_char_block
 .text.sys_cfg_clock
                0x00000000080083b0       0x22 build_soccer_game/sys_cfg.o
                0x00000000080083b0                sys_cfg_clock
 *fill*         0x00000000080083d2        0x2 
 .text.sys_cfg_tick
                0x00000000080083d4       0x50 build_soccer_game/sys_cfg.o
                0x00000000080083d4                sys_cfg_tick
 .text.sys_cfg_svc
                0x0000000008008424       0x30 build_soccer_game/sys_cfg.o
                0x0000000008008424                sys_cfg_svc
 .text.sys_cfg_pendsv
                0x0000000008008454       0x34 build_soccer_game/sys_cfg.o
                0x0000000008008454                sys_cfg_pendsv
 .text.sys_cfg_update_info
                0x0000000008008488      0x108 build_soccer_game/sys_cfg.o
                0x0000000008008488                sys_cfg_update_info
 .text.sys_ctrl_shell_sw_to_block
                0x0000000008008590       0x38 build_soccer_game/sys_cfg.o
                0x0000000008008590                sys_ctrl_shell_sw_to_block
 .text.sys_cfg_console
                0x00000000080085c8       0xd8 build_soccer_game/sys_cfg.o
                0x00000000080085c8                sys_cfg_console
 .text.sys_ctrl_shell_get_char
                0x00000000080086a0       0x34 build_soccer_game/sys_cfg.o
                0x00000000080086a0                sys_ctrl_shell_get_char
 .text.sys_ctrl_reset
                0x00000000080086d4       0x20 build_soccer_game/sys_cfg.o
                0x00000000080086d4                sys_ctrl_reset
 .text.sys_ctrl_delay_us
                0x00000000080086f4       0x58 build_soccer_game/sys_cfg.o
                0x00000000080086f4                sys_ctrl_delay_us
 .text.sys_ctrl_delay_ms
                0x000000000800874c       0x1e build_soccer_game/sys_cfg.o
                0x000000000800874c                sys_ctrl_delay_ms
 *fill*         0x000000000800876a        0x2 
 .text.sys_ctr_stop_mcu
                0x000000000800876c       0xa8 build_soccer_game/sys_cfg.o
                0x000000000800876c                sys_ctr_stop_mcu
 .text.sys_ctrl_independent_watchdog_init
                0x0000000008008814       0x24 build_soccer_game/sys_cfg.o
                0x0000000008008814                sys_ctrl_independent_watchdog_init
 .text.sys_ctrl_independent_watchdog_reset
                0x0000000008008838       0x12 build_soccer_game/sys_cfg.o
                0x0000000008008838                sys_ctrl_independent_watchdog_reset
 *fill*         0x000000000800884a        0x2 
 .text.sys_ctrl_soft_watchdog_init
                0x000000000800884c       0x68 build_soccer_game/sys_cfg.o
                0x000000000800884c                sys_ctrl_soft_watchdog_init
 .text.sys_ctrl_soft_watchdog_reset
                0x00000000080088b4       0x18 build_soccer_game/sys_cfg.o
                0x00000000080088b4                sys_ctrl_soft_watchdog_reset
 .text.sys_ctrl_soft_watchdog_increase_counter
                0x00000000080088cc       0x40 build_soccer_game/sys_cfg.o
                0x00000000080088cc                sys_ctrl_soft_watchdog_increase_counter
 .text.sys_ctrl_get_firmware_info
                0x000000000800890c       0x40 build_soccer_game/sys_cfg.o
                0x000000000800890c                sys_ctrl_get_firmware_info
 .text.task_irq_io_entry_trigger
                0x000000000800894c        0x2 build_soccer_game/sys_cfg.o
                0x000000000800894c                task_irq_io_entry_trigger
 .text.task_irq_io_exit_trigger
                0x000000000800894e        0x2 build_soccer_game/sys_cfg.o
                0x000000000800894e                task_irq_io_exit_trigger
 .text.io_button_mode_init
                0x0000000008008950       0x28 build_soccer_game/io_cfg.o
                0x0000000008008950                io_button_mode_init
 .text.io_button_up_init
                0x0000000008008978       0x28 build_soccer_game/io_cfg.o
                0x0000000008008978                io_button_up_init
 .text.io_button_down_init
                0x00000000080089a0       0x28 build_soccer_game/io_cfg.o
                0x00000000080089a0                io_button_down_init
 .text.io_button_mode_read
                0x00000000080089c8        0xc build_soccer_game/io_cfg.o
                0x00000000080089c8                io_button_mode_read
 .text.io_button_up_read
                0x00000000080089d4       0x10 build_soccer_game/io_cfg.o
                0x00000000080089d4                io_button_up_read
 .text.io_button_down_read
                0x00000000080089e4        0xc build_soccer_game/io_cfg.o
                0x00000000080089e4                io_button_down_read
 .text.led_life_init
                0x00000000080089f0       0x28 build_soccer_game/io_cfg.o
                0x00000000080089f0                led_life_init
 .text.led_life_on
                0x0000000008008a18       0x10 build_soccer_game/io_cfg.o
                0x0000000008008a18                led_life_on
 .text.led_life_off
                0x0000000008008a28       0x10 build_soccer_game/io_cfg.o
                0x0000000008008a28                led_life_off
 .text.flash_io_ctrl_init
                0x0000000008008a38       0x28 build_soccer_game/io_cfg.o
                0x0000000008008a38                flash_io_ctrl_init
 .text.flash_cs_low
                0x0000000008008a60       0x10 build_soccer_game/io_cfg.o
                0x0000000008008a60                flash_cs_low
 .text.flash_cs_high
                0x0000000008008a70       0x10 build_soccer_game/io_cfg.o
                0x0000000008008a70                flash_cs_high
 .text.flash_transfer
                0x0000000008008a80       0x98 build_soccer_game/io_cfg.o
                0x0000000008008a80                flash_transfer
 .text.io_cfg_adc1
                0x0000000008008b18       0x48 build_soccer_game/io_cfg.o
                0x0000000008008b18                io_cfg_adc1
 .text.adc_bat_io_cfg
                0x0000000008008b60       0x2c build_soccer_game/io_cfg.o
                0x0000000008008b60                adc_bat_io_cfg
 *fill*         0x0000000008008b8c        0x4 
 .text.sys_ctr_get_vbat_voltage
                0x0000000008008b90       0x90 build_soccer_game/io_cfg.o
                0x0000000008008b90                sys_ctr_get_vbat_voltage
 .text.sys_ctr_get_mcu_temperature
                0x0000000008008c20       0x6c build_soccer_game/io_cfg.o
                0x0000000008008c20                sys_ctr_get_mcu_temperature
 .text.oled_clk_input_mode
                0x0000000008008c8c       0x28 build_soccer_game/io_cfg.o
                0x0000000008008c8c                oled_clk_input_mode
 .text.oled_clk_output_mode
                0x0000000008008cb4       0x28 build_soccer_game/io_cfg.o
                0x0000000008008cb4                oled_clk_output_mode
 .text.oled_clk_digital_write_low
                0x0000000008008cdc       0x10 build_soccer_game/io_cfg.o
                0x0000000008008cdc                oled_clk_digital_write_low
 .text.oled_clk_digital_write_high
                0x0000000008008cec       0x10 build_soccer_game/io_cfg.o
                0x0000000008008cec                oled_clk_digital_write_high
 .text.oled_data_input_mode
                0x0000000008008cfc       0x28 build_soccer_game/io_cfg.o
                0x0000000008008cfc                oled_data_input_mode
 .text.oled_data_output_mode
                0x0000000008008d24       0x28 build_soccer_game/io_cfg.o
                0x0000000008008d24                oled_data_output_mode
 .text.oled_data_digital_write_low
                0x0000000008008d4c       0x10 build_soccer_game/io_cfg.o
                0x0000000008008d4c                oled_data_digital_write_low
 .text.oled_data_digital_write_high
                0x0000000008008d5c       0x10 build_soccer_game/io_cfg.o
                0x0000000008008d5c                oled_data_digital_write_high
 .text.oled_res_input_mode
                0x0000000008008d6c       0x28 build_soccer_game/io_cfg.o
                0x0000000008008d6c                oled_res_input_mode
 .text.oled_res_output_mode
                0x0000000008008d94       0x28 build_soccer_game/io_cfg.o
                0x0000000008008d94                oled_res_output_mode
 .text.oled_res_digital_write_low
                0x0000000008008dbc       0x10 build_soccer_game/io_cfg.o
                0x0000000008008dbc                oled_res_digital_write_low
 .text.oled_res_digital_write_high
                0x0000000008008dcc       0x10 build_soccer_game/io_cfg.o
                0x0000000008008dcc                oled_res_digital_write_high
 .text.io_eeprom_read
                0x0000000008008ddc       0x34 build_soccer_game/io_cfg.o
                0x0000000008008ddc                io_eeprom_read
 .text.io_eeprom_write
                0x0000000008008e10       0x48 build_soccer_game/io_cfg.o
                0x0000000008008e10                io_eeprom_write
 .text.io_eeprom_erase
                0x0000000008008e58       0x4c build_soccer_game/io_cfg.o
                0x0000000008008e58                io_eeprom_erase
 .text.internal_flash_unlock
                0x0000000008008ea4       0x12 build_soccer_game/io_cfg.o
                0x0000000008008ea4                internal_flash_unlock
 .text.internal_flash_lock
                0x0000000008008eb6        0x4 build_soccer_game/io_cfg.o
                0x0000000008008eb6                internal_flash_lock
 .text.internal_flash_erase_pages_cal
                0x0000000008008eba       0x24 build_soccer_game/io_cfg.o
                0x0000000008008eba                internal_flash_erase_pages_cal
 .text.internal_flash_write_cal
                0x0000000008008ede       0x48 build_soccer_game/io_cfg.o
                0x0000000008008ede                internal_flash_write_cal
 *fill*         0x0000000008008f26        0x2 
 .text.io_uart2_cfg
                0x0000000008008f28       0xbc build_soccer_game/io_cfg.o
                0x0000000008008f28                io_uart2_cfg
 .text.io_uart_rs485_cfg
                0x0000000008008fe4       0x78 build_soccer_game/io_cfg.o
                0x0000000008008fe4                io_uart_rs485_cfg
 .text.io_rs485_dir_mode_output
                0x000000000800905c       0x30 build_soccer_game/io_cfg.o
                0x000000000800905c                io_rs485_dir_mode_output
 .text.io_rs485_dir_low
                0x000000000800908c        0xc build_soccer_game/io_cfg.o
                0x000000000800908c                io_rs485_dir_low
 .text.io_rs485_dir_high
                0x0000000008009098        0xc build_soccer_game/io_cfg.o
                0x0000000008009098                io_rs485_dir_high
 .text.SystemInit
                0x00000000080090a4      0x114 build_soccer_game/system_stm32l1xx.o
                0x00000000080090a4                SystemInit
 .text.SystemCoreClockUpdate
                0x00000000080091b8       0x88 build_soccer_game/system_stm32l1xx.o
                0x00000000080091b8                SystemCoreClockUpdate
 .text._ZL16view_scr_startupv
                0x0000000008009240       0x5c build_soccer_game/scr_startup.o
 .text._Z18scr_startup_handleP8ak_msg_t
                0x000000000800929c       0x98 build_soccer_game/scr_startup.o
                0x000000000800929c                scr_startup_handle(ak_msg_t*)
 .text._ZL15draw_option_boxiiiiPKcb.constprop.0
                0x0000000008009334       0x5c build_soccer_game/scr_menu.o
 .text._ZL13view_scr_menuv
                0x0000000008009390       0xa0 build_soccer_game/scr_menu.o
 .text._Z15scr_menu_handleP8ak_msg_t
                0x0000000008009430       0xa0 build_soccer_game/scr_menu.o
                0x0000000008009430                scr_menu_handle(ak_msg_t*)
 .text._Z25stop_super_mode_led_blinkv
                0x00000000080094d0       0x14 build_soccer_game/scr_soccer.o
                0x00000000080094d0                stop_super_mode_led_blink()
 .text._Z18stop_soccer_timersv
                0x00000000080094e4       0x26 build_soccer_game/scr_soccer.o
                0x00000000080094e4                stop_soccer_timers()
 .text._Z9clamp_intiii
                0x000000000800950a       0x12 build_soccer_game/scr_soccer.o
                0x000000000800950a                clamp_int(int, int, int)
 .text._Z19accept_soccer_inputv
                0x000000000800951c       0x24 build_soccer_game/scr_soccer.o
                0x000000000800951c                accept_soccer_input()
 .text._Z26sync_ball_display_positionv
                0x0000000008009540       0x1c build_soccer_game/scr_soccer.o
                0x0000000008009540                sync_ball_display_position()
 .text._Z17set_ball_positionii
                0x000000000800955c       0x14 build_soccer_game/scr_soccer.o
                0x000000000800955c                set_ball_position(int, int)
 .text._Z20set_striker_positioni
                0x0000000008009570       0x1c build_soccer_game/scr_soccer.o
                0x0000000008009570                set_striker_position(int)
 .text._Z23align_ball_with_strikerv
                0x000000000800958c       0x14 build_soccer_game/scr_soccer.o
                0x000000000800958c                align_ball_with_striker()
 .text._Z21move_shooter_positioni
                0x00000000080095a0       0x18 build_soccer_game/scr_soccer.o
                0x00000000080095a0                move_shooter_position(int)
 .text._Z10reset_ballv
                0x00000000080095b8       0x78 build_soccer_game/scr_soccer.o
                0x00000000080095b8                reset_ball()
 .text._Z23schedule_countdown_tickv
                0x0000000008009630        0xe build_soccer_game/scr_soccer.o
                0x0000000008009630                schedule_countdown_tick()
 *fill*         0x000000000800963e        0x2 
 .text._Z21clamp_keeper_positionv
                0x0000000008009640       0x18 build_soccer_game/scr_soccer.o
                0x0000000008009640                clamp_keeper_position()
 .text._Z19clamp_ball_positionv
                0x0000000008009658       0x34 build_soccer_game/scr_soccer.o
                0x0000000008009658                clamp_ball_position()
 .text._Z18keeper_covers_ballv
                0x000000000800968c       0x2c build_soccer_game/scr_soccer.o
                0x000000000800968c                keeper_covers_ball()
 .text._Z15view_scr_soccerv
                0x00000000080096b8      0x290 build_soccer_game/scr_soccer.o
                0x00000000080096b8                view_scr_soccer()
 .text._Z14begin_gameplayv
                0x0000000008009948       0x40 build_soccer_game/scr_soccer.o
                0x0000000008009948                begin_gameplay()
 .text._Z15begin_countdownv
                0x0000000008009988       0x20 build_soccer_game/scr_soccer.o
                0x0000000008009988                begin_countdown()
 .text._Z12begin_result15soccer_result_t
                0x00000000080099a8       0x2c build_soccer_game/scr_soccer.o
                0x00000000080099a8                begin_result(soccer_result_t)
 .text._Z12restart_gamev
                0x00000000080099d4       0x48 build_soccer_game/scr_soccer.o
                0x00000000080099d4                restart_game()
 .text._Z16toggle_selectionv
                0x0000000008009a1c       0x14 build_soccer_game/scr_soccer.o
                0x0000000008009a1c                toggle_selection()
 .text._Z19activate_super_modev
                0x0000000008009a30       0x38 build_soccer_game/scr_soccer.o
                0x0000000008009a30                activate_super_mode()
 .text._Z17finish_super_modev
                0x0000000008009a68       0x1c build_soccer_game/scr_soccer.o
                0x0000000008009a68                finish_super_mode()
 .text._Z17scr_soccer_handleP8ak_msg_t
                0x0000000008009a84      0x280 build_soccer_game/scr_soccer.o
                0x0000000008009a84                scr_soccer_handle(ak_msg_t*)
 .text._ZL14view_scr_scorev
                0x0000000008009d04       0x90 build_soccer_game/scr_score.o
 .text._Z16scr_score_handleP8ak_msg_t
                0x0000000008009d94       0x70 build_soccer_game/scr_score.o
                0x0000000008009d94                scr_score_handle(ak_msg_t*)
 .text._Z11task_systemP8ak_msg_t
                0x0000000008009e04       0x44 build_soccer_game/task_system.o
                0x0000000008009e04                task_system(ak_msg_t*)
 .text.main_app
                0x0000000008009e48      0x2a8 build_soccer_game/app.o
                0x0000000008009e48                main_app
 .text._Z19task_polling_zigbeev
                0x000000000800a0f0        0x2 build_soccer_game/app.o
                0x000000000800a0f0                task_polling_zigbee()
 *fill*         0x000000000800a0f2        0x2 
 .text._Z20task_polling_consolev
                0x000000000800a0f4       0xd8 build_soccer_game/app.o
                0x000000000800a0f4                task_polling_console()
 .text.sys_irq_timer_10ms
                0x000000000800a1cc       0x24 build_soccer_game/app.o
                0x000000000800a1cc                sys_irq_timer_10ms
 .text.ar_game_score_read
                0x000000000800a1f0       0x54 build_soccer_game/app_eeprom.o
                0x000000000800a1f0                ar_game_score_read
 .text.ar_game_score_write
                0x000000000800a244       0x40 build_soccer_game/app_eeprom.o
                0x000000000800a244                ar_game_score_write
 .text._Z27ar_game_setting_set_defaultP17ar_game_setting_t
                0x000000000800a284       0x12 build_soccer_game/app_eeprom.o
                0x000000000800a284                ar_game_setting_set_default(ar_game_setting_t*)
 *fill*         0x000000000800a296        0x2 
 .text.ar_game_setting_read
                0x000000000800a298       0x54 build_soccer_game/app_eeprom.o
                0x000000000800a298                ar_game_setting_read
 .text._Z17btn_mode_callbackPv
                0x000000000800a2ec       0x58 build_soccer_game/app_bsp.o
                0x000000000800a2ec                btn_mode_callback(void*)
 .text._Z15btn_up_callbackPv
                0x000000000800a344       0x50 build_soccer_game/app_bsp.o
                0x000000000800a344                btn_up_callback(void*)
 .text._Z17btn_down_callbackPv
                0x000000000800a394       0x50 build_soccer_game/app_bsp.o
                0x000000000800a394                btn_down_callback(void*)
 .text._Z22updateDataModbusDeviceP21ModbusDeviceStructure
                0x000000000800a3e4       0xc4 build_soccer_game/app_modbus_pull.o
                0x000000000800a3e4                updateDataModbusDevice(ModbusDeviceStructure*)
 .text._ZL19str_parser_get_attrh
                0x000000000800a4a8       0x1c build_soccer_game/shell.o
 .text._Z9shell_sttPh
                0x000000000800a4c4        0x4 build_soccer_game/shell.o
                0x000000000800a4c4                shell_stt(unsigned char*)
 .text._Z9shell_psvPh
                0x000000000800a4c8       0x14 build_soccer_game/shell.o
                0x000000000800a4c8                shell_psv(unsigned char*)
 .text._Z11shell_resetPh
                0x000000000800a4dc       0x10 build_soccer_game/shell.o
                0x000000000800a4dc                shell_reset(unsigned char*)
 .text._Z10shell_helpPh
                0x000000000800a4ec       0x30 build_soccer_game/shell.o
                0x000000000800a4ec                shell_help(unsigned char*)
 .text._Z9shell_verPh
                0x000000000800a51c      0x118 build_soccer_game/shell.o
                0x000000000800a51c                shell_ver(unsigned char*)
 .text._Z12shell_rebootPh
                0x000000000800a634       0x10 build_soccer_game/shell.o
                0x000000000800a634                shell_reboot(unsigned char*)
 .text._ZL10str_parserPc
                0x000000000800a644       0x60 build_soccer_game/shell.o
 .text._Z11shell_flashPh
                0x000000000800a6a4      0x150 build_soccer_game/shell.o
                0x000000000800a6a4                shell_flash(unsigned char*)
 .text._ZL26shell_lcd_dump_framebufferv
                0x000000000800a7f4       0x8c build_soccer_game/shell.o
 .text._Z11shell_fatalPh
                0x000000000800a880      0x360 build_soccer_game/shell.o
                0x000000000800a880                shell_fatal(unsigned char*)
 .text._Z9shell_epsPh
                0x000000000800abe0       0xd0 build_soccer_game/shell.o
                0x000000000800abe0                shell_eps(unsigned char*)
 .text._Z9shell_ramPh
                0x000000000800acb0      0x20c build_soccer_game/shell.o
                0x000000000800acb0                shell_ram(unsigned char*)
 .text._Z10shell_bootPh
                0x000000000800aebc       0xdc build_soccer_game/shell.o
                0x000000000800aebc                shell_boot(unsigned char*)
 .text._Z9shell_fwuPh
                0x000000000800af98       0x34 build_soccer_game/shell.o
                0x000000000800af98                shell_fwu(unsigned char*)
 .text._Z12shell_buzzerPh
                0x000000000800afcc       0x88 build_soccer_game/shell.o
                0x000000000800afcc                shell_buzzer(unsigned char*)
 .text._Z9shell_dbgPh
                0x000000000800b054       0x38 build_soccer_game/shell.o
                0x000000000800b054                shell_dbg(unsigned char*)
 .text._Z12shell_modbusPh
                0x000000000800b08c       0xe0 build_soccer_game/shell.o
                0x000000000800b08c                shell_modbus(unsigned char*)
 .text._Z9shell_epiPh
                0x000000000800b16c        0x4 build_soccer_game/shell.o
                0x000000000800b16c                shell_epi(unsigned char*)
 .text._Z9shell_lcdPh
                0x000000000800b170      0x1d4 build_soccer_game/shell.o
                0x000000000800b170                shell_lcd(unsigned char*)
 .text.sys_irq_shell
                0x000000000800b344       0x2c build_soccer_game/task_shell.o
                0x000000000800b344                sys_irq_shell
 .text._Z10task_shellP8ak_msg_t
                0x000000000800b370       0x7c build_soccer_game/task_shell.o
                0x000000000800b370                task_shell(ak_msg_t*)
 .text._Z9task_lifeP8ak_msg_t
                0x000000000800b3ec       0x20 build_soccer_game/task_life.o
                0x000000000800b3ec                task_life(ak_msg_t*)
 .text._Z7task_fwP8ak_msg_t
                0x000000000800b40c      0x490 build_soccer_game/task_fw.o
                0x000000000800b40c                task_fw(ak_msg_t*)
 .text._Z12task_displayP8ak_msg_t
                0x000000000800b89c        0x4 build_soccer_game/task_display.o
                0x000000000800b89c                task_display(ak_msg_t*)
 .text._Z7task_ifP8ak_msg_t
                0x000000000800b8a0       0xe4 build_soccer_game/task_if.o
                0x000000000800b8a0                task_if(ak_msg_t*)
 .text._Z12task_rf24_ifP8ak_msg_t
                0x000000000800b984        0x2 build_soccer_game/task_rf24_if.o
                0x000000000800b984                task_rf24_if(ak_msg_t*)
 *fill*         0x000000000800b986        0x2 
 .text._Z12task_uart_ifP8ak_msg_t
                0x000000000800b988       0xc4 build_soccer_game/task_uart_if.o
                0x000000000800b988                task_uart_if(ak_msg_t*)
 .text._Z8task_dbgP8ak_msg_t
                0x000000000800ba4c        0x2 build_soccer_game/task_dbg.o
                0x000000000800ba4c                task_dbg(ak_msg_t*)
 .text._ZL19view_render_dynamicPv
                0x000000000800ba4e        0xa build_soccer_game/view_render.o
 .text._Z22view_render_display_onv
                0x000000000800ba58        0xc build_soccer_game/view_render.o
                0x000000000800ba58                view_render_display_on()
 .text.startup._GLOBAL__sub_I_view_render
                0x000000000800ba64        0xc build_soccer_game/view_render.o
 .text.exit._GLOBAL__sub_D_view_render
                0x000000000800ba70        0xc build_soccer_game/view_render.o
 .text._Z18view_render_screenP13view_screen_t
                0x000000000800ba7c       0x7c build_soccer_game/view_render.o
                0x000000000800ba7c                view_render_screen(view_screen_t*)
 .text._ZL21view_render_rectanglePv
                0x000000000800baf8       0xe8 build_soccer_game/view_render.o
 .text._Z12scr_mng_ctorP9scr_mng_tPFvP8ak_msg_tEP13view_screen_t
                0x000000000800bbe0       0x20 build_soccer_game/screen_manager.o
                0x000000000800bbe0                scr_mng_ctor(scr_mng_t*, void (*)(ak_msg_t*), view_screen_t*)
 .text._Z16scr_mng_dispatchP8ak_msg_t
                0x000000000800bc00       0x48 build_soccer_game/screen_manager.o
                0x000000000800bc00                scr_mng_dispatch(ak_msg_t*)
 .text._Z12scr_mng_tranPFvP8ak_msg_tEP13view_screen_t
                0x000000000800bc48       0x3c build_soccer_game/screen_manager.o
                0x000000000800bc48                scr_mng_tran(void (*)(ak_msg_t*), view_screen_t*)
 .text._Z39scr_mng_contain_screen_none_update_markv
                0x000000000800bc84        0xc build_soccer_game/screen_manager.o
                0x000000000800bc84                scr_mng_contain_screen_none_update_mark()
 .text._ZN12Adafruit_GFX8drawLineEsssst
                0x000000000800bc90       0xbe build_soccer_game/Adafruit_GFX.o
                0x000000000800bc90                Adafruit_GFX::drawLine(short, short, short, short, unsigned short)
 .text._ZN12Adafruit_GFX8drawRectEsssst
                0x000000000800bd4e       0x68 build_soccer_game/Adafruit_GFX.o
                0x000000000800bd4e                Adafruit_GFX::drawRect(short, short, short, short, unsigned short)
 .text._ZN12Adafruit_GFX13drawFastVLineEssst
                0x000000000800bdb6       0x1c build_soccer_game/Adafruit_GFX.o
                0x000000000800bdb6                Adafruit_GFX::drawFastVLine(short, short, short, unsigned short)
 .text._ZN12Adafruit_GFX13drawFastHLineEssst
                0x000000000800bdd2       0x1a build_soccer_game/Adafruit_GFX.o
                0x000000000800bdd2                Adafruit_GFX::drawFastHLine(short, short, short, unsigned short)
 .text._ZN12Adafruit_GFX8fillRectEsssst
                0x000000000800bdec       0x38 build_soccer_game/Adafruit_GFX.o
                0x000000000800bdec                Adafruit_GFX::fillRect(short, short, short, short, unsigned short)
 .text._ZN12Adafruit_GFX10fillScreenEt
                0x000000000800be24       0x1c build_soccer_game/Adafruit_GFX.o
                0x000000000800be24                Adafruit_GFX::fillScreen(unsigned short)
 .text._ZN12Adafruit_GFXC2Ess
                0x000000000800be40       0x28 build_soccer_game/Adafruit_GFX.o
                0x000000000800be40                Adafruit_GFX::Adafruit_GFX(short, short)
                0x000000000800be40                Adafruit_GFX::Adafruit_GFX(short, short)
 .text._ZN12Adafruit_GFX10drawCircleEssst
                0x000000000800be68      0x172 build_soccer_game/Adafruit_GFX.o
                0x000000000800be68                Adafruit_GFX::drawCircle(short, short, short, unsigned short)
 .text._ZN12Adafruit_GFX16drawCircleHelperEsssht
                0x000000000800bfda      0x17a build_soccer_game/Adafruit_GFX.o
                0x000000000800bfda                Adafruit_GFX::drawCircleHelper(short, short, short, unsigned char, unsigned short)
 .text._ZN12Adafruit_GFX16fillCircleHelperEssshst
                0x000000000800c154      0x124 build_soccer_game/Adafruit_GFX.o
                0x000000000800c154                Adafruit_GFX::fillCircleHelper(short, short, short, unsigned char, short, unsigned short)
 .text._ZN12Adafruit_GFX10fillCircleEssst
                0x000000000800c278       0x4a build_soccer_game/Adafruit_GFX.o
                0x000000000800c278                Adafruit_GFX::fillCircle(short, short, short, unsigned short)
 .text._ZN12Adafruit_GFX13drawRoundRectEssssst
                0x000000000800c2c2      0x10e build_soccer_game/Adafruit_GFX.o
                0x000000000800c2c2                Adafruit_GFX::drawRoundRect(short, short, short, short, short, unsigned short)
 .text._ZN12Adafruit_GFX13fillRoundRectEssssst
                0x000000000800c3d0       0x88 build_soccer_game/Adafruit_GFX.o
                0x000000000800c3d0                Adafruit_GFX::fillRoundRect(short, short, short, short, short, unsigned short)
 .text._ZN12Adafruit_GFX10drawBitmapEssPKhsst
                0x000000000800c458       0x92 build_soccer_game/Adafruit_GFX.o
                0x000000000800c458                Adafruit_GFX::drawBitmap(short, short, unsigned char const*, short, short, unsigned short)
 *fill*         0x000000000800c4ea        0x2 
 .text._ZN12Adafruit_GFX8drawCharEsshtth
                0x000000000800c4ec      0x108 build_soccer_game/Adafruit_GFX.o
                0x000000000800c4ec                Adafruit_GFX::drawChar(short, short, unsigned char, unsigned short, unsigned short, unsigned char)
 .text._ZN12Adafruit_GFX5writeEh
                0x000000000800c5f4       0x64 build_soccer_game/Adafruit_GFX.o
                0x000000000800c5f4                Adafruit_GFX::write(unsigned char)
 .text._ZN12Adafruit_GFX9setCursorEss
                0x000000000800c658        0x6 build_soccer_game/Adafruit_GFX.o
                0x000000000800c658                Adafruit_GFX::setCursor(short, short)
 .text._ZN12Adafruit_GFX11setTextSizeEh
                0x000000000800c65e        0xa build_soccer_game/Adafruit_GFX.o
                0x000000000800c65e                Adafruit_GFX::setTextSize(unsigned char)
 .text._ZN12Adafruit_GFX12setTextColorEt
                0x000000000800c668        0x6 build_soccer_game/Adafruit_GFX.o
                0x000000000800c668                Adafruit_GFX::setTextColor(unsigned short)
 .text._ZN12Adafruit_GFX5widthEv
                0x000000000800c66e        0x6 build_soccer_game/Adafruit_GFX.o
                0x000000000800c66e                Adafruit_GFX::width()
 .text._ZN12Adafruit_GFX6heightEv
                0x000000000800c674        0x6 build_soccer_game/Adafruit_GFX.o
                0x000000000800c674                Adafruit_GFX::height()
 .text._ZN17Adafruit_oled_drv9updateRowEii
                0x000000000800c67a       0x1e build_soccer_game/Adafruit_oled_drv.o
                0x000000000800c67a                Adafruit_oled_drv::updateRow(int, int)
 .text._ZN17Adafruit_oled_drv9drawPixelEsst
                0x000000000800c698       0x52 build_soccer_game/Adafruit_oled_drv.o
                0x000000000800c698                Adafruit_oled_drv::drawPixel(short, short, unsigned short)
 *fill*         0x000000000800c6ea        0x2 
 .text._ZN17Adafruit_oled_drvC2Ev
                0x000000000800c6ec       0x28 build_soccer_game/Adafruit_oled_drv.o
                0x000000000800c6ec                Adafruit_oled_drv::Adafruit_oled_drv()
                0x000000000800c6ec                Adafruit_oled_drv::Adafruit_oled_drv()
 .text._ZN17Adafruit_oled_drvD2Ev
                0x000000000800c714        0x2 build_soccer_game/Adafruit_oled_drv.o
                0x000000000800c714                Adafruit_oled_drv::~Adafruit_oled_drv()
                0x000000000800c714                Adafruit_oled_drv::~Adafruit_oled_drv()
 .text._ZNK17Adafruit_oled_drv14getFrameBufferEv
                0x000000000800c716        0x4 build_soccer_game/Adafruit_oled_drv.o
                0x000000000800c716                Adafruit_oled_drv::getFrameBuffer() const
 .text._ZNK17Adafruit_oled_drv18getFrameBufferSizeEv
                0x000000000800c71a        0x6 build_soccer_game/Adafruit_oled_drv.o
                0x000000000800c71a                Adafruit_oled_drv::getFrameBufferSize() const
 .text._ZN17Adafruit_oled_drv5clearEb
                0x000000000800c720       0x22 build_soccer_game/Adafruit_oled_drv.o
                0x000000000800c720                Adafruit_oled_drv::clear(bool)
 .text._ZN17Adafruit_oled_drv9writeByteEh
                0x000000000800c742       0x54 build_soccer_game/Adafruit_oled_drv.o
                0x000000000800c742                Adafruit_oled_drv::writeByte(unsigned char)
 .text._ZN17Adafruit_oled_drv8startIICEv
                0x000000000800c796       0x2c build_soccer_game/Adafruit_oled_drv.o
                0x000000000800c796                Adafruit_oled_drv::startIIC()
 .text._ZN17Adafruit_oled_drv7stopIICEv
                0x000000000800c7c2       0x2c build_soccer_game/Adafruit_oled_drv.o
                0x000000000800c7c2                Adafruit_oled_drv::stopIIC()
 .text._ZN17Adafruit_oled_drv12writeCommandEh
                0x000000000800c7ee       0x2c build_soccer_game/Adafruit_oled_drv.o
                0x000000000800c7ee                Adafruit_oled_drv::writeCommand(unsigned char)
 *fill*         0x000000000800c81a        0x2 
 .text._ZN17Adafruit_oled_drv10initializeEv
                0x000000000800c81c      0x120 build_soccer_game/Adafruit_oled_drv.o
                0x000000000800c81c                Adafruit_oled_drv::initialize()
 .text._ZN17Adafruit_oled_drv10display_onEv
                0x000000000800c93c        0x6 build_soccer_game/Adafruit_oled_drv.o
                0x000000000800c93c                Adafruit_oled_drv::display_on()
 .text._ZN17Adafruit_oled_drv11display_offEv
                0x000000000800c942        0x6 build_soccer_game/Adafruit_oled_drv.o
                0x000000000800c942                Adafruit_oled_drv::display_off()
 .text._ZN17Adafruit_oled_drv17startDataSequenceEv
                0x000000000800c948       0x1c build_soccer_game/Adafruit_oled_drv.o
                0x000000000800c948                Adafruit_oled_drv::startDataSequence()
 .text._ZN17Adafruit_oled_drv6updateEv
                0x000000000800c964       0x70 build_soccer_game/Adafruit_oled_drv.o
                0x000000000800c964                Adafruit_oled_drv::update()
 .text._ZN17Adafruit_oled_drv9updateRowEi
                0x000000000800c9d4       0x6c build_soccer_game/Adafruit_oled_drv.o
                0x000000000800c9d4                Adafruit_oled_drv::updateRow(int)
 .text.eeprom_read
                0x000000000800ca40        0x4 build_soccer_game/eeprom.o
                0x000000000800ca40                eeprom_read
 .text.eeprom_write
                0x000000000800ca44        0x4 build_soccer_game/eeprom.o
                0x000000000800ca44                eeprom_write
 .text.eeprom_erase
                0x000000000800ca48        0x4 build_soccer_game/eeprom.o
                0x000000000800ca48                eeprom_erase
 .text._ZL19link_hal_write_byteh
                0x000000000800ca4c        0x2 build_soccer_game/link_hal.o
 .text._ZL17link_hal_rev_byteh
                0x000000000800ca4e        0x4 build_soccer_game/link_hal.o
 *fill*         0x000000000800ca52        0x2 
 .text._Z23link_hal_reg_write_bytePFhhE
                0x000000000800ca54       0x28 build_soccer_game/link_hal.o
                0x000000000800ca54                link_hal_reg_write_byte(unsigned char (*)(unsigned char))
 .text._Z21link_hal_reg_rev_bytePFhhE
                0x000000000800ca7c       0x28 build_soccer_game/link_hal.o
                0x000000000800ca7c                link_hal_reg_rev_byte(unsigned char (*)(unsigned char))
 .text._ZL21fsm_link_state_handleP8ak_msg_t
                0x000000000800caa4      0x2b0 build_soccer_game/link.o
 .text._ZL19fsm_link_state_initP8ak_msg_t
                0x000000000800cd54       0x80 build_soccer_game/link.o
 .text._Z9task_linkP8ak_msg_t
                0x000000000800cdd4        0xc build_soccer_game/link.o
                0x000000000800cdd4                task_link(ak_msg_t*)
 .text._Z23link_init_state_machinev
                0x000000000800cde0       0x2c build_soccer_game/link.o
                0x000000000800cde0                link_init_state_machine()
 .text._ZL23link_mac_frame_send_reqv
                0x000000000800ce0c       0x3c build_soccer_game/link_mac.o
 .text._ZL23link_mac_frame_send_endv
                0x000000000800ce48       0x34 build_soccer_game/link_mac.o
 .text._ZL28link_mac_frame_cals_checksumP16link_mac_frame_t.constprop.0
                0x000000000800ce7c       0x38 build_soccer_game/link_mac.o
 .text._Z25fsm_link_mac_state_handleP8ak_msg_t
                0x000000000800ceb4      0x2b8 build_soccer_game/link_mac.o
                0x000000000800ceb4                fsm_link_mac_state_handle(ak_msg_t*)
 .text._Z13task_link_macP8ak_msg_t
                0x000000000800d16c        0xc build_soccer_game/link_mac.o
                0x000000000800d16c                task_link_mac(ak_msg_t*)
 .text._Z23fsm_link_mac_state_initP8ak_msg_t
                0x000000000800d178       0x88 build_soccer_game/link_mac.o
                0x000000000800d178                fsm_link_mac_state_init(ak_msg_t*)
 .text._ZL26link_phy_frame_write_blockPhm
                0x000000000800d200       0x1c build_soccer_game/link_phy.o
 .text._ZL20link_phy_frame_writeP16link_phy_frame_t
                0x000000000800d21c       0x1c build_soccer_game/link_phy.o
 .text._ZL28link_phy_frame_cals_checksumP16link_phy_frame_t
                0x000000000800d238       0x38 build_soccer_game/link_phy.o
 .text._ZL25link_phy_frame_write_byteh
                0x000000000800d270        0xc build_soccer_game/link_phy.o
 .text._ZL26ac_link_phy_frame_rev_byteh
                0x000000000800d27c      0x100 build_soccer_game/link_phy.o
 .text._ZL19link_phy_frame_sendv
                0x000000000800d37c       0x2c build_soccer_game/link_phy.o
 .text._Z25fsm_link_phy_state_handleP8ak_msg_t
                0x000000000800d3a8      0x1f0 build_soccer_game/link_phy.o
                0x000000000800d3a8                fsm_link_phy_state_handle(ak_msg_t*)
 .text._Z13task_link_phyP8ak_msg_t
                0x000000000800d598        0xc build_soccer_game/link_phy.o
                0x000000000800d598                task_link_phy(ak_msg_t*)
 .text._Z23fsm_link_phy_state_initP8ak_msg_t
                0x000000000800d5a4       0x90 build_soccer_game/link_phy.o
                0x000000000800d5a4                fsm_link_phy_state_init(ak_msg_t*)
 .text._Z26link_phy_get_send_frame_tov
                0x000000000800d634       0x10 build_soccer_game/link_phy.o
                0x000000000800d634                link_phy_get_send_frame_to()
 .text._Z13link_pdu_initv
                0x000000000800d644       0x54 build_soccer_game/link_data.o
                0x000000000800d644                link_pdu_init()
 .text._Z15link_pdu_mallocv
                0x000000000800d698       0x24 build_soccer_game/link_data.o
                0x000000000800d698                link_pdu_malloc()
 .text._Z12link_pdu_getm
                0x000000000800d6bc       0x3c build_soccer_game/link_data.o
                0x000000000800d6bc                link_pdu_get(unsigned long)
 .text._Z13link_pdu_freem
                0x000000000800d6f8       0x4c build_soccer_game/link_data.o
                0x000000000800d6f8                link_pdu_free(unsigned long)
 .text._Z17link_get_src_addrv
                0x000000000800d744       0x18 build_soccer_game/link_data.o
                0x000000000800d744                link_get_src_addr()
 .text._Z17link_get_des_addrv
                0x000000000800d75c       0x18 build_soccer_game/link_data.o
                0x000000000800d75c                link_get_des_addr()
 .text._Z7pinModehh
                0x000000000800d774       0x84 build_soccer_game/wiring_digital.o
                0x000000000800d774                pinMode(unsigned char, unsigned char)
 .text._Z12digitalWritehh
                0x000000000800d7f8       0x78 build_soccer_game/wiring_digital.o
                0x000000000800d7f8                digitalWrite(unsigned char, unsigned char)
 .text._ZN5Print5writeEPKhj
                0x000000000800d870       0x22 build_soccer_game/Print.o
                0x000000000800d870                Print::write(unsigned char const*, unsigned int)
 .text._ZN5Print5writeEPKc
                0x000000000800d892       0x20 build_soccer_game/Print.o
                0x000000000800d892                Print::write(char const*)
 .text._ZN5Print5printEPKc
                0x000000000800d8b2        0x8 build_soccer_game/Print.o
                0x000000000800d8b2                Print::print(char const*)
 .text._ZN5Print5printEc
                0x000000000800d8ba        0x6 build_soccer_game/Print.o
                0x000000000800d8ba                Print::print(char)
 .text._ZN5Print11printNumberEmh
                0x000000000800d8c0       0x3a build_soccer_game/Print.o
                0x000000000800d8c0                Print::printNumber(unsigned long, unsigned char)
 .text._ZN5Print5printEli.part.0
                0x000000000800d8fa       0x28 build_soccer_game/Print.o
 .text._ZN5Print5printEli
                0x000000000800d922       0x20 build_soccer_game/Print.o
                0x000000000800d922                Print::print(long, int)
 .text._ZN5Print5printEii
                0x000000000800d942        0x4 build_soccer_game/Print.o
                0x000000000800d942                Print::print(int, int)
 .text._ZN5Print5printEmi
                0x000000000800d946       0x16 build_soccer_game/Print.o
                0x000000000800d946                Print::print(unsigned long, int)
 .text._Z6randoml
                0x000000000800d95c       0x16 build_soccer_game/WMath.o
                0x000000000800d95c                random(long)
 .text._Z6randomll
                0x000000000800d972       0x14 build_soccer_game/WMath.o
                0x000000000800d972                random(long, long)
 .text._ZN14HardwareSerial9availableEv
                0x000000000800d986        0xa build_soccer_game/HardwareSerial.o
                0x000000000800d986                HardwareSerial::available()
 .text._ZN14HardwareSerial4peekEv
                0x000000000800d990       0x14 build_soccer_game/HardwareSerial.o
                0x000000000800d990                HardwareSerial::peek()
 .text._ZN14HardwareSerial4readEv
                0x000000000800d9a4       0x20 build_soccer_game/HardwareSerial.o
                0x000000000800d9a4                HardwareSerial::read()
 .text._ZN14HardwareSerial5flushEv
                0x000000000800d9c4        0x2 build_soccer_game/HardwareSerial.o
                0x000000000800d9c4                HardwareSerial::flush()
 .text._ZN14HardwareSerial17availableForWriteEv
                0x000000000800d9c6       0x26 build_soccer_game/HardwareSerial.o
                0x000000000800d9c6                HardwareSerial::availableForWrite()
 .text._ZN14HardwareSerial5writeEh
                0x000000000800d9ec       0x30 build_soccer_game/HardwareSerial.o
                0x000000000800d9ec                HardwareSerial::write(unsigned char)
 .text._ZL20serial2_trigger_putcv
                0x000000000800da1c       0x10 build_soccer_game/HardwareSerial2.o
 .text.startup._GLOBAL__sub_I_Serial2
                0x000000000800da2c       0x34 build_soccer_game/HardwareSerial2.o
 .text._ZN8SPIClass9io_configEv
                0x000000000800da60       0x68 build_soccer_game/SPI.o
                0x000000000800da60                SPIClass::io_config()
 .text._ZN8SPIClass5beginEv
                0x000000000800dac8       0xd0 build_soccer_game/SPI.o
                0x000000000800dac8                SPIClass::begin()
 .text.startup._GLOBAL__sub_I__ZN8SPIClassC2Ev
                0x000000000800db98       0x14 build_soccer_game/SPI.o
 .text._ZN7TwoWire9availableEv
                0x000000000800dbac       0x14 build_soccer_game/Wire.o
                0x000000000800dbac                TwoWire::available()
 .text._ZN7TwoWire4readEv
                0x000000000800dbc0       0x28 build_soccer_game/Wire.o
                0x000000000800dbc0                TwoWire::read()
 .text._ZN7TwoWire4peekEv
                0x000000000800dbe8       0x24 build_soccer_game/Wire.o
                0x000000000800dbe8                TwoWire::peek()
 .text._ZN7TwoWire5flushEv
                0x000000000800dc0c        0x2 build_soccer_game/Wire.o
                0x000000000800dc0c                TwoWire::flush()
 *fill*         0x000000000800dc0e        0x2 
 .text._ZN7TwoWire5writeEh
                0x000000000800dc10       0x54 build_soccer_game/Wire.o
                0x000000000800dc10                TwoWire::write(unsigned char)
 .text._ZN7TwoWire5writeEPKhj
                0x000000000800dc64       0x34 build_soccer_game/Wire.o
                0x000000000800dc64                TwoWire::write(unsigned char const*, unsigned int)
 .text.startup._GLOBAL__sub_I__ZN7TwoWire8rxBufferE
                0x000000000800dc98       0x1c build_soccer_game/Wire.o
 .text._Z12twi_transmitPKhh
                0x000000000800dcb4       0x44 build_soccer_game/twi.o
                0x000000000800dcb4                twi_transmit(unsigned char const*, unsigned char)
 .text.__cxa_pure_virtual
                0x000000000800dcf8       0x1c build_soccer_game/mini_cpp.o
                0x000000000800dcf8                __cxa_pure_virtual
 .text._sbrk    0x000000000800dd14       0x1c build_soccer_game/mini_cpp.o
                0x000000000800dd14                _sbrk
 .text._Z24ar_striker_move_positioni
                0x000000000800dd30        0x4 build_soccer_game/soccer_game_striker.o
                0x000000000800dd30                ar_striker_move_position(int)
 .text._Z21ar_striker_shoot_ballv
                0x000000000800dd34       0x24 build_soccer_game/soccer_game_striker.o
                0x000000000800dd34                ar_striker_shoot_ball()
 .text._Z21ar_keeper_update_gamev
                0x000000000800dd58       0x28 build_soccer_game/soccer_game_keeper.o
                0x000000000800dd58                ar_keeper_update_game()
 .text._Z18ar_ball_score_goalv
                0x000000000800dd80       0x34 build_soccer_game/soccer_game_ball.o
                0x000000000800dd80                ar_ball_score_goal()
 .text._Z17ar_ball_lose_lifev
                0x000000000800ddb4       0x38 build_soccer_game/soccer_game_ball.o
                0x000000000800ddb4                ar_ball_lose_life()
 .text._Z30ar_ball_update_goalkeeper_gamev
                0x000000000800ddec       0x5c build_soccer_game/soccer_game_ball.o
                0x000000000800ddec                ar_ball_update_goalkeeper_game()
 .text._Z27ar_ball_update_shooter_gamev
                0x000000000800de48       0x50 build_soccer_game/soccer_game_ball.o
                0x000000000800de48                ar_ball_update_shooter_game()
 .text._Z26task_soccer_game_ball_tickP8ak_msg_t
                0x000000000800de98        0x4 build_soccer_game/task_soccer_game.o
                0x000000000800de98                task_soccer_game_ball_tick(ak_msg_t*)
 .text._Z28task_soccer_game_keeper_tickP8ak_msg_t
                0x000000000800de9c        0x4 build_soccer_game/task_soccer_game.o
                0x000000000800de9c                task_soccer_game_keeper_tick(ak_msg_t*)
 .text._Z29task_soccer_game_striker_tickP8ak_msg_t
                0x000000000800dea0        0x4 build_soccer_game/task_soccer_game.o
                0x000000000800dea0                task_soccer_game_striker_tick(ak_msg_t*)
 .text._Z31task_soccer_game_countdown_tickP8ak_msg_t
                0x000000000800dea4        0x4 build_soccer_game/task_soccer_game.o
                0x000000000800dea4                task_soccer_game_countdown_tick(ak_msg_t*)
 .text._Z32task_soccer_game_super_mode_tickP8ak_msg_t
                0x000000000800dea8        0x4 build_soccer_game/task_soccer_game.o
                0x000000000800dea8                task_soccer_game_super_mode_tick(ak_msg_t*)
 .text._Z28task_soccer_game_result_tickP8ak_msg_t
                0x000000000800deac        0x4 build_soccer_game/task_soccer_game.o
                0x000000000800deac                task_soccer_game_result_tick(ak_msg_t*)
 .text.malloc   0x000000000800deb0       0x10 /home/josef/Downloads/gcc-arm-none-eabi-10.3-2021.10-x86_64-linux/gcc-arm-none-eabi-10.3-2021.10/arm-none-eabi/lib/thumb/v7-m/nofp/libc.a(lib_a-malloc.o)
                0x000000000800deb0                malloc
 .text.free     0x000000000800dec0       0x10 /home/josef/Downloads/gcc-arm-none-eabi-10.3-2021.10-x86_64-linux/gcc-arm-none-eabi-10.3-2021.10/arm-none-eabi/lib/thumb/v7-m/nofp/libc.a(lib_a-malloc.o)
                0x000000000800dec0                free
 .text._malloc_r
                0x000000000800ded0      0x558 /home/josef/Downloads/gcc-arm-none-eabi-10.3-2021.10-x86_64-linux/gcc-arm-none-eabi-10.3-2021.10/arm-none-eabi/lib/thumb/v7-m/nofp/libc.a(lib_a-mallocr.o)
                0x000000000800ded0                _malloc_r
 .text.memcmp   0x000000000800e428       0x68 /home/josef/Downloads/gcc-arm-none-eabi-10.3-2021.10-x86_64-linux/gcc-arm-none-eabi-10.3-2021.10/arm-none-eabi/lib/thumb/v7-m/nofp/libc.a(lib_a-memcmp.o)
                0x000000000800e428                memcmp
 .text.memset   0x000000000800e490       0xa4 /home/josef/Downloads/gcc-arm-none-eabi-10.3-2021.10-x86_64-linux/gcc-arm-none-eabi-10.3-2021.10/arm-none-eabi/lib/thumb/v7-m/nofp/libc.a(lib_a-memset.o)
                0x000000000800e490                memset
 .text.__malloc_lock
                0x000000000800e534        0xc /home/josef/Downloads/gcc-arm-none-eabi-10.3-2021.10-x86_64-linux/gcc-arm-none-eabi-10.3-2021.10/arm-none-eabi/lib/thumb/v7-m/nofp/libc.a(lib_a-mlock.o)
                0x000000000800e534                __malloc_lock
 .text.__malloc_unlock
                0x000000000800e540        0xc /home/josef/Downloads/gcc-arm-none-eabi-10.3-2021.10-x86_64-linux/gcc-arm-none-eabi-10.3-2021.10/arm-none-eabi/lib/thumb/v7-m/nofp/libc.a(lib_a-mlock.o)
                0x000000000800e540                __malloc_unlock
 .text.rand     0x000000000800e54c       0x38 /home/josef/Downloads/gcc-arm-none-eabi-10.3-2021.10-x86_64-linux/gcc-arm-none-eabi-10.3-2021.10/arm-none-eabi/lib/thumb/v7-m/nofp/libc.a(lib_a-rand.o)
                0x000000000800e54c                rand
 .text._sbrk_r  0x000000000800e584       0x24 /home/josef/Downloads/gcc-arm-none-eabi-10.3-2021.10-x86_64-linux/gcc-arm-none-eabi-10.3-2021.10/arm-none-eabi/lib/thumb/v7-m/nofp/libc.a(lib_a-sbrkr.o)
                0x000000000800e584                _sbrk_r
 .text.strcpy   0x000000000800e5a8       0xbc /home/josef/Downloads/gcc-arm-none-eabi-10.3-2021.10-x86_64-linux/gcc-arm-none-eabi-10.3-2021.10/arm-none-eabi/lib/thumb/v7-m/nofp/libc.a(lib_a-strcpy.o)
                0x000000000800e5a8                strcpy
 .text.strlen   0x000000000800e664       0x5c /home/josef/Downloads/gcc-arm-none-eabi-10.3-2021.10-x86_64-linux/gcc-arm-none-eabi-10.3-2021.10/arm-none-eabi/lib/thumb/v7-m/nofp/libc.a(lib_a-strlen-stub.o)
                0x000000000800e664                strlen